   Compiling compiler_builtins v0.1.160 (/Users/amoljassal/.rustup/toolchains/nightly-2025-09-08-aarch64-apple-darwin/lib/rustlib/src/rust/library/compiler-builtins/compiler-builtins)
   Compiling core v0.0.0 (/Users/amoljassal/.rustup/toolchains/nightly-2025-09-08-aarch64-apple-darwin/lib/rustlib/src/rust/library/core)
   Compiling typenum v1.18.0
   Compiling generic-array v0.14.7
   Compiling lock_api v0.4.13
   Compiling heapless v0.8.0
   Compiling bootloader_api v0.11.11
   Compiling alloc v0.0.0 (/Users/amoljassal/.rustup/toolchains/nightly-2025-09-08-aarch64-apple-darwin/lib/rustlib/src/rust/library/alloc)
   Compiling bit_field v0.10.2
   Compiling bitflags v2.9.1
   Compiling cfg-if v1.0.1
   Compiling ptr_meta v0.2.0
   Compiling volatile v0.4.6
   Compiling scopeguard v1.2.0
   Compiling uguid v2.2.1
   Compiling byteorder v1.5.0
   Compiling log v0.4.27
   Compiling x86_64 v0.14.13
   Compiling ucs2 v0.3.3
   Compiling uefi-raw v0.3.0
   Compiling spin v0.9.8
   Compiling hash32 v0.3.1
   Compiling spinning_top v0.2.5
   Compiling cpufeatures v0.2.17
   Compiling bytemuck v1.23.2
   Compiling stable_deref_trait v1.2.0
   Compiling bitflags v1.3.2
   Compiling linked_list_allocator v0.10.5
   Compiling lazy_static v1.5.0
   Compiling half v2.6.0
   Compiling uefi v0.24.0
   Compiling crypto-common v0.1.6
   Compiling block-buffer v0.10.4
   Compiling digest v0.10.7
   Compiling uart_16550 v0.2.19
   Compiling pic8259 v0.10.4
   Compiling sha2 v0.10.9
   Compiling sis_kernel v0.1.0 (/Users/amoljassal/sis/sis-kernel/crates/kernel)
