   Compiling sis_kernel v0.1.0 (/home/apple/sis-kernel)
warning: sis_kernel@0.1.0: boot.rs: kernel ELF not found, skipping image creation
warning: unused import: `scheduler`
  --> src/arch/x86_64/idt.rs:14:21
   |
14 | use crate::kernel::{scheduler, syscall, serial};
   |                     ^^^^^^^^^
   |
   = note: `#[warn(unused_imports)]` on by default

warning: unused imports: `AtomicU32` and `Ordering`
  --> src/arch/x86_64/idt.rs:19:26
   |
19 | use core::sync::atomic::{AtomicU32, Ordering};
   |                          ^^^^^^^^^  ^^^^^^^^

warning: unused import: `core::ptr`
   --> src/arch/x86_64/idt.rs:136:9
    |
136 |     use core::ptr;
    |         ^^^^^^^^^

warning: unexpected `cfg` condition name: `selftest_RING3`
   --> src/arch/x86_64/idt.rs:504:45
    |
504 |         #[cfg(all(feature = "idt-selftest", selftest_RING3))]
    |                                             ^^^^^^^^^^^^^^
    |
    = help: expected names are: `docsrs`, `feature`, and `test` and 31 more
    = help: consider using a Cargo feature instead
    = help: or consider adding in `Cargo.toml` the `check-cfg` lint config for the lint:
             [lints.rust]
             unexpected_cfgs = { level = "warn", check-cfg = ['cfg(selftest_RING3)'] }
    = help: or consider adding `println!("cargo::rustc-check-cfg=cfg(selftest_RING3)");` to the top of the `build.rs`
    = note: see <https://doc.rust-lang.org/nightly/rustc/check-cfg/cargo-specifics.html> for more information about checking conditional configuration
    = note: `#[warn(unexpected_cfgs)]` on by default

warning: unexpected `cfg` condition name: `selftest_SYSCALL`
   --> src/arch/x86_64/idt.rs:511:45
    |
511 |         #[cfg(all(feature = "idt-selftest", selftest_SYSCALL))]
    |                                             ^^^^^^^^^^^^^^^^
    |
    = help: consider using a Cargo feature instead
    = help: or consider adding in `Cargo.toml` the `check-cfg` lint config for the lint:
             [lints.rust]
             unexpected_cfgs = { level = "warn", check-cfg = ['cfg(selftest_SYSCALL)'] }
    = help: or consider adding `println!("cargo::rustc-check-cfg=cfg(selftest_SYSCALL)");` to the top of the `build.rs`
    = note: see <https://doc.rust-lang.org/nightly/rustc/check-cfg/cargo-specifics.html> for more information about checking conditional configuration

warning: unexpected `cfg` condition name: `selftest_RING3`
   --> src/arch/x86_64/idt.rs:516:45
    |
516 |         #[cfg(all(feature = "idt-selftest", selftest_RING3))]
    |                                             ^^^^^^^^^^^^^^
    |
    = help: consider using a Cargo feature instead
    = help: or consider adding in `Cargo.toml` the `check-cfg` lint config for the lint:
             [lints.rust]
             unexpected_cfgs = { level = "warn", check-cfg = ['cfg(selftest_RING3)'] }
    = help: or consider adding `println!("cargo::rustc-check-cfg=cfg(selftest_RING3)");` to the top of the `build.rs`
    = note: see <https://doc.rust-lang.org/nightly/rustc/check-cfg/cargo-specifics.html> for more information about checking conditional configuration

warning: unexpected `cfg` condition name: `selftest_RING3_RT`
   --> src/arch/x86_64/idt.rs:533:41
    |
533 |     #[cfg(all(feature = "idt-selftest", selftest_RING3_RT))]
    |                                         ^^^^^^^^^^^^^^^^^
    |
    = help: consider using a Cargo feature instead
    = help: or consider adding in `Cargo.toml` the `check-cfg` lint config for the lint:
             [lints.rust]
             unexpected_cfgs = { level = "warn", check-cfg = ['cfg(selftest_RING3_RT)'] }
    = help: or consider adding `println!("cargo::rustc-check-cfg=cfg(selftest_RING3_RT)");` to the top of the `build.rs`
    = note: see <https://doc.rust-lang.org/nightly/rustc/check-cfg/cargo-specifics.html> for more information about checking conditional configuration

warning: unused import: `PhysAddr`
 --> src/arch/x86_64/memory.rs:5:15
  |
5 |     VirtAddr, PhysAddr,
  |               ^^^^^^^^

warning: unused import: `core::ptr::NonNull`
  --> src/arch/x86_64/memory.rs:14:5
   |
14 | use core::ptr::NonNull;
   |     ^^^^^^^^^^^^^^^^^^

warning: unused import: `core::arch::asm`
  --> src/arch/x86_64/context_switch.rs:12:5
   |
12 | use core::arch::asm;
   |     ^^^^^^^^^^^^^^^

warning: unused import: `PhysAddr`
 --> src/arch/x86_64/apic.rs:7:14
  |
7 | use x86_64::{PhysAddr, VirtAddr};
  |              ^^^^^^^^

warning: unexpected `cfg` condition name: `selftest_SMP_ONLINE`
  --> src/arch/x86_64/smp/mod.rs:28:28
   |
28 | #[cfg(all(feature = "smp", selftest_SMP_ONLINE))]
   |                            ^^^^^^^^^^^^^^^^^^^
   |
   = help: consider using a Cargo feature instead
   = help: or consider adding in `Cargo.toml` the `check-cfg` lint config for the lint:
            [lints.rust]
            unexpected_cfgs = { level = "warn", check-cfg = ['cfg(selftest_SMP_ONLINE)'] }
   = help: or consider adding `println!("cargo::rustc-check-cfg=cfg(selftest_SMP_ONLINE)");` to the top of the `build.rs`
   = note: see <https://doc.rust-lang.org/nightly/rustc/check-cfg/cargo-specifics.html> for more information about checking conditional configuration

warning: unused imports: `AtomicU32` and `Ordering`
 --> src/arch/x86_64/smp/ipi.rs:6:26
  |
6 | use core::sync::atomic::{AtomicU32, Ordering};
  |                          ^^^^^^^^^  ^^^^^^^^

warning: unused import: `crate::arch::x86_64::percpu_clean as percpu`
 --> src/arch/x86_64/smp/ipi.rs:8:5
  |
8 | use crate::arch::x86_64::percpu_clean as percpu;
  |     ^^^^^^^^^^^^^^^^^^^^^^^^^^^^^^^^^^^^^^^^^^^

warning: unused import: `PhysAddr`
 --> src/arch/x86_64/percpu.rs:8:14
  |
8 | use x86_64::{PhysAddr, VirtAddr};
  |              ^^^^^^^^

warning: unused import: `GS`
 --> src/arch/x86_64/percpu.rs:9:39
  |
9 | use x86_64::registers::segmentation::{GS, Segment};
  |                                       ^^

warning: unused import: `Ordering`
 --> src/arch/x86_64/percpu_clean.rs:4:49
  |
4 | use core::sync::atomic::{AtomicBool, AtomicU64, Ordering};
  |                                                 ^^^^^^^^

warning: unexpected `cfg` condition name: `selftest_TLB_SHOOTDOWN`
   --> src/arch/x86_64/shootdown.rs:101:28
    |
101 | #[cfg(all(feature = "smp", selftest_TLB_SHOOTDOWN))]
    |                            ^^^^^^^^^^^^^^^^^^^^^^
    |
    = help: consider using a Cargo feature instead
    = help: or consider adding in `Cargo.toml` the `check-cfg` lint config for the lint:
             [lints.rust]
             unexpected_cfgs = { level = "warn", check-cfg = ['cfg(selftest_TLB_SHOOTDOWN)'] }
    = help: or consider adding `println!("cargo::rustc-check-cfg=cfg(selftest_TLB_SHOOTDOWN)");` to the top of the `build.rs`
    = note: see <https://doc.rust-lang.org/nightly/rustc/check-cfg/cargo-specifics.html> for more information about checking conditional configuration

warning: unused import: `alloc::vec::Vec`
 --> src/kernel/task.rs:9:5
  |
9 | use alloc::vec::Vec;
  |     ^^^^^^^^^^^^^^^

warning: unused import: `core::ptr::NonNull`
  --> src/kernel/task.rs:10:5
   |
10 | use core::ptr::NonNull;
   |     ^^^^^^^^^^^^^^^^^^

warning: unexpected `cfg` condition name: `selftest_TIMER`
  --> src/kernel/scheduler.rs:16:37
   |
16 | #[cfg(all(feature = "idt-selftest", selftest_TIMER))]
   |                                     ^^^^^^^^^^^^^^
   |
   = help: consider using a Cargo feature instead
   = help: or consider adding in `Cargo.toml` the `check-cfg` lint config for the lint:
            [lints.rust]
            unexpected_cfgs = { level = "warn", check-cfg = ['cfg(selftest_TIMER)'] }
   = help: or consider adding `println!("cargo::rustc-check-cfg=cfg(selftest_TIMER)");` to the top of the `build.rs`
   = note: see <https://doc.rust-lang.org/nightly/rustc/check-cfg/cargo-specifics.html> for more information about checking conditional configuration

warning: unexpected `cfg` condition name: `selftest_LAPIC_TIMER`
  --> src/kernel/scheduler.rs:19:37
   |
19 | #[cfg(all(feature = "idt-selftest", selftest_LAPIC_TIMER))]
   |                                     ^^^^^^^^^^^^^^^^^^^^
   |
   = help: consider using a Cargo feature instead
   = help: or consider adding in `Cargo.toml` the `check-cfg` lint config for the lint:
            [lints.rust]
            unexpected_cfgs = { level = "warn", check-cfg = ['cfg(selftest_LAPIC_TIMER)'] }
   = help: or consider adding `println!("cargo::rustc-check-cfg=cfg(selftest_LAPIC_TIMER)");` to the top of the `build.rs`
   = note: see <https://doc.rust-lang.org/nightly/rustc/check-cfg/cargo-specifics.html> for more information about checking conditional configuration

warning: unused import: `alloc::vec::Vec`
  --> src/kernel/scheduler.rs:10:5
   |
10 | use alloc::vec::Vec;
   |     ^^^^^^^^^^^^^^^

warning: unused imports: `BlockReason`, `Role`, and `State`
  --> src/kernel/scheduler.rs:13:42
   |
13 | use crate::kernel::{serial, task::{Task, State, Role, BlockReason}};
   |                                          ^^^^^  ^^^^  ^^^^^^^^^^^

warning: unused import: `TaskId`
   --> src/kernel/scheduler.rs:272:52
    |
272 |         use super::smp_scheduler::{spawn_smp_task, TaskId};
    |                                                    ^^^^^^

warning: unexpected `cfg` condition name: `selftest_TIMER`
   --> src/kernel/scheduler.rs:294:41
    |
294 |     #[cfg(all(feature = "idt-selftest", selftest_TIMER))]
    |                                         ^^^^^^^^^^^^^^
    |
    = help: consider using a Cargo feature instead
    = help: or consider adding in `Cargo.toml` the `check-cfg` lint config for the lint:
             [lints.rust]
             unexpected_cfgs = { level = "warn", check-cfg = ['cfg(selftest_TIMER)'] }
    = help: or consider adding `println!("cargo::rustc-check-cfg=cfg(selftest_TIMER)");` to the top of the `build.rs`
    = note: see <https://doc.rust-lang.org/nightly/rustc/check-cfg/cargo-specifics.html> for more information about checking conditional configuration

warning: unexpected `cfg` condition name: `selftest_LAPIC_TIMER`
   --> src/kernel/scheduler.rs:303:41
    |
303 |     #[cfg(all(feature = "idt-selftest", selftest_LAPIC_TIMER))]
    |                                         ^^^^^^^^^^^^^^^^^^^^
    |
    = help: consider using a Cargo feature instead
    = help: or consider adding in `Cargo.toml` the `check-cfg` lint config for the lint:
             [lints.rust]
             unexpected_cfgs = { level = "warn", check-cfg = ['cfg(selftest_LAPIC_TIMER)'] }
    = help: or consider adding `println!("cargo::rustc-check-cfg=cfg(selftest_LAPIC_TIMER)");` to the top of the `build.rs`
    = note: see <https://doc.rust-lang.org/nightly/rustc/check-cfg/cargo-specifics.html> for more information about checking conditional configuration

warning: unexpected `cfg` condition name: `selftest_SMP_2`
   --> src/kernel/scheduler.rs:325:41
    |
325 |     #[cfg(all(feature = "idt-selftest", selftest_SMP_2))]
    |                                         ^^^^^^^^^^^^^^
    |
    = help: consider using a Cargo feature instead
    = help: or consider adding in `Cargo.toml` the `check-cfg` lint config for the lint:
             [lints.rust]
             unexpected_cfgs = { level = "warn", check-cfg = ['cfg(selftest_SMP_2)'] }
    = help: or consider adding `println!("cargo::rustc-check-cfg=cfg(selftest_SMP_2)");` to the top of the `build.rs`
    = note: see <https://doc.rust-lang.org/nightly/rustc/check-cfg/cargo-specifics.html> for more information about checking conditional configuration

warning: unexpected `cfg` condition name: `selftest_SCHED_SMP_FAIR`
   --> src/kernel/smp_scheduler.rs:557:37
    |
557 | #[cfg(all(feature = "idt-selftest", selftest_SCHED_SMP_FAIR))]
    |                                     ^^^^^^^^^^^^^^^^^^^^^^^
    |
    = help: consider using a Cargo feature instead
    = help: or consider adding in `Cargo.toml` the `check-cfg` lint config for the lint:
             [lints.rust]
             unexpected_cfgs = { level = "warn", check-cfg = ['cfg(selftest_SCHED_SMP_FAIR)'] }
    = help: or consider adding `println!("cargo::rustc-check-cfg=cfg(selftest_SCHED_SMP_FAIR)");` to the top of the `build.rs`
    = note: see <https://doc.rust-lang.org/nightly/rustc/check-cfg/cargo-specifics.html> for more information about checking conditional configuration

warning: unused import: `alloc::collections::VecDeque`
  --> src/kernel/smp_scheduler.rs:10:5
   |
10 | use alloc::collections::VecDeque;
   |     ^^^^^^^^^^^^^^^^^^^^^^^^^^^^

warning: unused import: `alloc::vec::Vec`
  --> src/kernel/smp_scheduler.rs:11:5
   |
11 | use alloc::vec::Vec;
   |     ^^^^^^^^^^^^^^^

warning: unused import: `AtomicU32`
  --> src/kernel/smp_scheduler.rs:12:37
   |
12 | use core::sync::atomic::{AtomicU64, AtomicU32, AtomicUsize, Ordering};
   |                                     ^^^^^^^^^

warning: unused import: `core::mem::MaybeUninit`
  --> src/kernel/smp_scheduler.rs:13:5
   |
13 | use core::mem::MaybeUninit;
   |     ^^^^^^^^^^^^^^^^^^^^^^

warning: unused import: `Mutex`
  --> src/kernel/smp_scheduler.rs:14:12
   |
14 | use spin::{Mutex, RwLock};
   |            ^^^^^

warning: unused import: `BlockReason`
  --> src/kernel/smp_scheduler.rs:15:55
   |
15 | use crate::kernel::{serial, task::{Task, State, Role, BlockReason}};
   |                                                       ^^^^^^^^^^^

warning: unused import: `crate::kernel::serial`
 --> src/kernel/xcpu_mbox.rs:9:5
  |
9 | use crate::kernel::serial;
  |     ^^^^^^^^^^^^^^^^^^^^^

warning: unused import: `scheduler`
 --> src/kernel/syscall.rs:9:29
  |
9 | use crate::kernel::{serial, scheduler};
  |                             ^^^^^^^^^

warning: unused import: `crate::kernel::vfs`
  --> src/kernel/syscall.rs:13:5
   |
13 | use crate::kernel::vfs;
   |     ^^^^^^^^^^^^^^^^^^

warning: unused import: `alloc::vec::Vec`
  --> src/kernel/syscall.rs:14:5
   |
14 | use alloc::vec::Vec;
   |     ^^^^^^^^^^^^^^^

warning: unexpected `cfg` condition name: `selftest_RING3_RT`
   --> src/kernel/syscall.rs:188:45
    |
188 |         #[cfg(all(feature = "idt-selftest", selftest_RING3_RT))]
    |                                             ^^^^^^^^^^^^^^^^^
    |
    = help: consider using a Cargo feature instead
    = help: or consider adding in `Cargo.toml` the `check-cfg` lint config for the lint:
             [lints.rust]
             unexpected_cfgs = { level = "warn", check-cfg = ['cfg(selftest_RING3_RT)'] }
    = help: or consider adding `println!("cargo::rustc-check-cfg=cfg(selftest_RING3_RT)");` to the top of the `build.rs`
    = note: see <https://doc.rust-lang.org/nightly/rustc/check-cfg/cargo-specifics.html> for more information about checking conditional configuration

warning: unused import: `write_hex32`
 --> src/kernel/pci.rs:8:35
  |
8 | use crate::kernel::serial::{self, write_hex32};
  |                                   ^^^^^^^^^^^

warning: unused import: `core::fmt::Write`
 --> src/kernel/pci.rs:9:5
  |
9 | use core::fmt::Write;
  |     ^^^^^^^^^^^^^^^^

warning: unexpected `cfg` condition value: `thread-affinity`
 --> src/kernel/affinity.rs:8:7
  |
8 | #[cfg(feature = "thread-affinity")]
  |       ^^^^^^^^^^^^^^^^^^^^^^^^^^^
  |
  = note: expected values for `feature` are: `affinity`, `apic`, `default`, `firewall`, `idt-selftest`, `iommu`, `ipc`, `per-task-mm`, `pf-matrix`, `qemu-intel-iommu-sim`, `scheduler`, `smp`, `userland`, and `vfio`
  = help: consider adding `thread-affinity` as a feature in `Cargo.toml`
  = note: see <https://doc.rust-lang.org/nightly/rustc/check-cfg/cargo-specifics.html> for more information about checking conditional configuration

warning: unexpected `cfg` condition value: `thread-affinity`
  --> src/kernel/affinity.rs:14:11
   |
14 | #[cfg(not(feature = "thread-affinity"))]
   |           ^^^^^^^^^^^^^^^^^^^^^^^^^^^
   |
   = note: expected values for `feature` are: `affinity`, `apic`, `default`, `firewall`, `idt-selftest`, `iommu`, `ipc`, `per-task-mm`, `pf-matrix`, `qemu-intel-iommu-sim`, `scheduler`, `smp`, `userland`, and `vfio`
   = help: consider adding `thread-affinity` as a feature in `Cargo.toml`
   = note: see <https://doc.rust-lang.org/nightly/rustc/check-cfg/cargo-specifics.html> for more information about checking conditional configuration

warning: unexpected `cfg` condition name: `selftest_IPC_XCPU_PING`
 --> src/selftest/mod.rs:6:7
  |
6 | #[cfg(selftest_IPC_XCPU_PING)]
  |       ^^^^^^^^^^^^^^^^^^^^^^
  |
  = help: consider using a Cargo feature instead
  = help: or consider adding in `Cargo.toml` the `check-cfg` lint config for the lint:
           [lints.rust]
           unexpected_cfgs = { level = "warn", check-cfg = ['cfg(selftest_IPC_XCPU_PING)'] }
  = help: or consider adding `println!("cargo::rustc-check-cfg=cfg(selftest_IPC_XCPU_PING)");` to the top of the `build.rs`
  = note: see <https://doc.rust-lang.org/nightly/rustc/check-cfg/cargo-specifics.html> for more information about checking conditional configuration

warning: unexpected `cfg` condition name: `selftest_VFIO_MSI_SMOKE`
   --> src/main.rs:152:15
    |
152 |         #[cfg(selftest_VFIO_MSI_SMOKE)]
    |               ^^^^^^^^^^^^^^^^^^^^^^^
    |
    = help: consider using a Cargo feature instead
    = help: or consider adding in `Cargo.toml` the `check-cfg` lint config for the lint:
             [lints.rust]
             unexpected_cfgs = { level = "warn", check-cfg = ['cfg(selftest_VFIO_MSI_SMOKE)'] }
    = help: or consider adding `println!("cargo::rustc-check-cfg=cfg(selftest_VFIO_MSI_SMOKE)");` to the top of the `build.rs`
    = note: see <https://doc.rust-lang.org/nightly/rustc/check-cfg/cargo-specifics.html> for more information about checking conditional configuration

warning: unexpected `cfg` condition name: `selftest_VFIO_MSI_SMOKE`
   --> src/main.rs:154:19
    |
154 |         #[cfg(not(selftest_VFIO_MSI_SMOKE))]
    |                   ^^^^^^^^^^^^^^^^^^^^^^^
    |
    = help: consider using a Cargo feature instead
    = help: or consider adding in `Cargo.toml` the `check-cfg` lint config for the lint:
             [lints.rust]
             unexpected_cfgs = { level = "warn", check-cfg = ['cfg(selftest_VFIO_MSI_SMOKE)'] }
    = help: or consider adding `println!("cargo::rustc-check-cfg=cfg(selftest_VFIO_MSI_SMOKE)");` to the top of the `build.rs`
    = note: see <https://doc.rust-lang.org/nightly/rustc/check-cfg/cargo-specifics.html> for more information about checking conditional configuration

warning: unexpected `cfg` condition name: `selftest_VFIO_MSI_SOAK`
   --> src/main.rs:156:15
    |
156 |         #[cfg(selftest_VFIO_MSI_SOAK)]
    |               ^^^^^^^^^^^^^^^^^^^^^^
    |
    = help: consider using a Cargo feature instead
    = help: or consider adding in `Cargo.toml` the `check-cfg` lint config for the lint:
             [lints.rust]
             unexpected_cfgs = { level = "warn", check-cfg = ['cfg(selftest_VFIO_MSI_SOAK)'] }
    = help: or consider adding `println!("cargo::rustc-check-cfg=cfg(selftest_VFIO_MSI_SOAK)");` to the top of the `build.rs`
    = note: see <https://doc.rust-lang.org/nightly/rustc/check-cfg/cargo-specifics.html> for more information about checking conditional configuration

warning: unexpected `cfg` condition name: `selftest_SMP_ONLINE`
   --> src/main.rs:197:80
    |
197 |         #[cfg(all(feature = "smp", feature = "apic", feature = "idt-selftest", selftest_SMP_ONLINE))]
    |                                                                                ^^^^^^^^^^^^^^^^^^^
    |
    = help: consider using a Cargo feature instead
    = help: or consider adding in `Cargo.toml` the `check-cfg` lint config for the lint:
             [lints.rust]
             unexpected_cfgs = { level = "warn", check-cfg = ['cfg(selftest_SMP_ONLINE)'] }
    = help: or consider adding `println!("cargo::rustc-check-cfg=cfg(selftest_SMP_ONLINE)");` to the top of the `build.rs`
    = note: see <https://doc.rust-lang.org/nightly/rustc/check-cfg/cargo-specifics.html> for more information about checking conditional configuration

warning: unexpected `cfg` condition name: `selftest_SCHED_SMP_FAIR`
   --> src/main.rs:215:62
    |
215 |         #[cfg(all(feature = "smp", feature = "idt-selftest", selftest_SCHED_SMP_FAIR))]
    |                                                              ^^^^^^^^^^^^^^^^^^^^^^^
    |
    = help: consider using a Cargo feature instead
    = help: or consider adding in `Cargo.toml` the `check-cfg` lint config for the lint:
             [lints.rust]
             unexpected_cfgs = { level = "warn", check-cfg = ['cfg(selftest_SCHED_SMP_FAIR)'] }
    = help: or consider adding `println!("cargo::rustc-check-cfg=cfg(selftest_SCHED_SMP_FAIR)");` to the top of the `build.rs`
    = note: see <https://doc.rust-lang.org/nightly/rustc/check-cfg/cargo-specifics.html> for more information about checking conditional configuration

warning: unexpected `cfg` condition name: `selftest_IPC_XCPU_PING`
   --> src/main.rs:233:36
    |
233 |         #[cfg(all(feature = "smp", selftest_IPC_XCPU_PING))]
    |                                    ^^^^^^^^^^^^^^^^^^^^^^
    |
    = help: consider using a Cargo feature instead
    = help: or consider adding in `Cargo.toml` the `check-cfg` lint config for the lint:
             [lints.rust]
             unexpected_cfgs = { level = "warn", check-cfg = ['cfg(selftest_IPC_XCPU_PING)'] }
    = help: or consider adding `println!("cargo::rustc-check-cfg=cfg(selftest_IPC_XCPU_PING)");` to the top of the `build.rs`
    = note: see <https://doc.rust-lang.org/nightly/rustc/check-cfg/cargo-specifics.html> for more information about checking conditional configuration

warning: unexpected `cfg` condition name: `selftest_TLB_SHOOTDOWN`
   --> src/main.rs:240:80
    |
240 |         #[cfg(all(feature = "smp", feature = "apic", feature = "idt-selftest", selftest_TLB_SHOOTDOWN))]
    |                                                                                ^^^^^^^^^^^^^^^^^^^^^^
    |
    = help: consider using a Cargo feature instead
    = help: or consider adding in `Cargo.toml` the `check-cfg` lint config for the lint:
             [lints.rust]
             unexpected_cfgs = { level = "warn", check-cfg = ['cfg(selftest_TLB_SHOOTDOWN)'] }
    = help: or consider adding `println!("cargo::rustc-check-cfg=cfg(selftest_TLB_SHOOTDOWN)");` to the top of the `build.rs`
    = note: see <https://doc.rust-lang.org/nightly/rustc/check-cfg/cargo-specifics.html> for more information about checking conditional configuration

warning: unexpected `cfg` condition name: `selftest_SMP_AFFINITY`
   --> src/main.rs:258:81
    |
258 |         #[cfg(all(feature = "affinity", feature = "smp", feature = "scheduler", selftest_SMP_AFFINITY))]
    |                                                                                 ^^^^^^^^^^^^^^^^^^^^^
    |
    = help: consider using a Cargo feature instead
    = help: or consider adding in `Cargo.toml` the `check-cfg` lint config for the lint:
             [lints.rust]
             unexpected_cfgs = { level = "warn", check-cfg = ['cfg(selftest_SMP_AFFINITY)'] }
    = help: or consider adding `println!("cargo::rustc-check-cfg=cfg(selftest_SMP_AFFINITY)");` to the top of the `build.rs`
    = note: see <https://doc.rust-lang.org/nightly/rustc/check-cfg/cargo-specifics.html> for more information about checking conditional configuration

warning: unexpected `cfg` condition name: `selftest_VFIO_BIND_E1000`
   --> src/main.rs:265:37
    |
265 |         #[cfg(all(feature = "vfio", selftest_VFIO_BIND_E1000))]
    |                                     ^^^^^^^^^^^^^^^^^^^^^^^^
    |
    = help: consider using a Cargo feature instead
    = help: or consider adding in `Cargo.toml` the `check-cfg` lint config for the lint:
             [lints.rust]
             unexpected_cfgs = { level = "warn", check-cfg = ['cfg(selftest_VFIO_BIND_E1000)'] }
    = help: or consider adding `println!("cargo::rustc-check-cfg=cfg(selftest_VFIO_BIND_E1000)");` to the top of the `build.rs`
    = note: see <https://doc.rust-lang.org/nightly/rustc/check-cfg/cargo-specifics.html> for more information about checking conditional configuration

warning: unexpected `cfg` condition name: `selftest_VFIO_MSI_SMOKE`
   --> src/main.rs:294:63
    |
294 |         #[cfg(all(feature = "vfio", feature = "idt-selftest", selftest_VFIO_MSI_SMOKE))]
    |                                                               ^^^^^^^^^^^^^^^^^^^^^^^
    |
    = help: consider using a Cargo feature instead
    = help: or consider adding in `Cargo.toml` the `check-cfg` lint config for the lint:
             [lints.rust]
             unexpected_cfgs = { level = "warn", check-cfg = ['cfg(selftest_VFIO_MSI_SMOKE)'] }
    = help: or consider adding `println!("cargo::rustc-check-cfg=cfg(selftest_VFIO_MSI_SMOKE)");` to the top of the `build.rs`
    = note: see <https://doc.rust-lang.org/nightly/rustc/check-cfg/cargo-specifics.html> for more information about checking conditional configuration

warning: unexpected `cfg` condition name: `selftest_VFIO_MSI_SOAK`
   --> src/main.rs:320:63
    |
320 |         #[cfg(all(feature = "vfio", feature = "idt-selftest", selftest_VFIO_MSI_SOAK))]
    |                                                               ^^^^^^^^^^^^^^^^^^^^^^
    |
    = help: consider using a Cargo feature instead
    = help: or consider adding in `Cargo.toml` the `check-cfg` lint config for the lint:
             [lints.rust]
             unexpected_cfgs = { level = "warn", check-cfg = ['cfg(selftest_VFIO_MSI_SOAK)'] }
    = help: or consider adding `println!("cargo::rustc-check-cfg=cfg(selftest_VFIO_MSI_SOAK)");` to the top of the `build.rs`
    = note: see <https://doc.rust-lang.org/nightly/rustc/check-cfg/cargo-specifics.html> for more information about checking conditional configuration

warning: use of deprecated function `x86_64::instructions::segmentation::set_cs`: use `CS::set_reg()` instead
  --> src/arch/x86_64/gdt.rs:61:9
   |
61 |         set_cs(GDT.1.code_ring0);
   |         ^^^^^^
   |
   = note: `#[warn(deprecated)]` on by default

warning: use of deprecated function `x86_64::instructions::segmentation::set_cs`: use `CS::set_reg()` instead
  --> src/arch/x86_64/gdt.rs:56:45
   |
56 |     use x86_64::instructions::segmentation::set_cs;
   |                                             ^^^^^^

warning: use of deprecated function `x86_64::instructions::segmentation::cs`: use `CS::get_reg()` instead
   --> src/arch/x86_64/idt.rs:499:28
    |
499 |     let cs = segmentation::cs();
    |                            ^^

warning: unused import: `Segment`
 --> src/arch/x86_64/percpu.rs:9:43
  |
9 | use x86_64::registers::segmentation::{GS, Segment};
  |                                           ^^^^^^^

warning: unused import: `core::fmt::Write`
 --> src/kernel/vfio.rs:8:5
  |
8 | use core::fmt::Write;
  |     ^^^^^^^^^^^^^^^^

warning: unused variable: `fault_addr`
   --> src/arch/x86_64/idt.rs:392:9
    |
392 |     let fault_addr = Cr2::read();
    |         ^^^^^^^^^^ help: if this is intentional, prefix it with an underscore: `_fault_addr`
    |
    = note: `#[warn(unused_variables)]` on by default

warning: unused variable: `error_code`
   --> src/arch/x86_64/idt.rs:389:5
    |
389 |     error_code: PageFaultErrorCode
    |     ^^^^^^^^^^ help: if this is intentional, prefix it with an underscore: `_error_code`

warning: unused variable: `stack_frame`
   --> src/arch/x86_64/idt.rs:495:5
    |
495 |     stack_frame: InterruptStackFrame
    |     ^^^^^^^^^^^ help: if this is intentional, prefix it with an underscore: `_stack_frame`

warning: unnecessary `unsafe` block
  --> src/arch/x86_64/smp/ipi.rs:28:5
   |
28 |     unsafe { apic::send_ipi(apic_id, IPI_RESCHED); }
   |     ^^^^^^ unnecessary `unsafe` block
   |
   = note: `#[warn(unused_unsafe)]` on by default

warning: unnecessary `unsafe` block
  --> src/arch/x86_64/smp/ipi.rs:33:5
   |
33 |     unsafe { apic::send_ipi(apic_id, IPI_TLB); }
   |     ^^^^^^ unnecessary `unsafe` block

warning: unnecessary `unsafe` block
  --> src/arch/x86_64/smp/ipi.rs:38:5
   |
38 |     unsafe { apic::send_ipi(apic_id, IPI_MBOX); }
   |     ^^^^^^ unnecessary `unsafe` block

warning: unused variable: `data_ring0`
   --> src/arch/x86_64/percpu.rs:141:13
    |
141 |         let data_ring0 = runtime_gdt.add_entry(Descriptor::kernel_data_segment());
    |             ^^^^^^^^^^ help: if this is intentional, prefix it with an underscore: `_data_ring0`

warning: unused variable: `code_ring3`
   --> src/arch/x86_64/percpu.rs:142:13
    |
142 |         let code_ring3 = runtime_gdt.add_entry(Descriptor::user_code_segment());
    |             ^^^^^^^^^^ help: if this is intentional, prefix it with an underscore: `_code_ring3`

warning: unused variable: `data_ring3`
   --> src/arch/x86_64/percpu.rs:143:13
    |
143 |         let data_ring3 = runtime_gdt.add_entry(Descriptor::user_data_segment());
    |             ^^^^^^^^^^ help: if this is intentional, prefix it with an underscore: `_data_ring3`

warning: variable does not need to be mutable
   --> src/arch/x86_64/percpu.rs:262:13
    |
262 |         let mut gs_base_msr = Msr::new(0xC0000101);
    |             ----^^^^^^^^^^^
    |             |
    |             help: remove this `mut`
    |
    = note: `#[warn(unused_mut)]` on by default

warning: unnecessary `unsafe` block
  --> src/arch/x86_64/percpu_clean.rs:36:9
   |
31 |     unsafe {
   |     ------ because it's nested under this `unsafe` block
...
36 |         unsafe { Msr::new(0xC0000101).write(base); } // IA32_GS_BASE
   |         ^^^^^^ unnecessary `unsafe` block

warning: unnecessary `unsafe` block
  --> src/arch/x86_64/shootdown.rs:24:9
   |
24 |         unsafe { 
   |         ^^^^^^ unnecessary `unsafe` block

warning: unnecessary `unsafe` block
  --> src/arch/x86_64/shootdown.rs:29:9
   |
29 |         unsafe {
   |         ^^^^^^ unnecessary `unsafe` block

warning: unnecessary `unsafe` block
  --> src/arch/x86_64/shootdown.rs:45:13
   |
45 |             unsafe { x86_64::instructions::tlb::flush(x86_64::VirtAddr::new(addr)); }
   |             ^^^^^^ unnecessary `unsafe` block

warning: unnecessary `unsafe` block
  --> src/arch/x86_64/shootdown.rs:47:13
   |
47 |             unsafe { x86_64::instructions::tlb::flush_all(); }
   |             ^^^^^^ unnecessary `unsafe` block

warning: unnecessary `unsafe` block
  --> src/arch/x86_64/shootdown.rs:64:9
   |
64 |         unsafe { x86_64::instructions::tlb::flush(x86_64::VirtAddr::new(addr)); }
   |         ^^^^^^ unnecessary `unsafe` block

warning: unnecessary `unsafe` block
  --> src/arch/x86_64/shootdown.rs:66:9
   |
66 |         unsafe { x86_64::instructions::tlb::flush_all(); }
   |         ^^^^^^ unnecessary `unsafe` block

warning: value assigned to `max` is never read
  --> src/arch/x86_64/topology.rs:21:13
   |
21 |     let mut max = 1u32;
   |             ^^^
   |
   = help: maybe it is overwritten before being read?
   = note: `#[warn(unused_assignments)]` on by default

warning: unused variable: `ticks`
   --> src/kernel/scheduler.rs:323:9
    |
323 |     let ticks = CPU_TICKS[cpu_id].fetch_add(1, Ordering::SeqCst);
    |         ^^^^^ help: if this is intentional, prefix it with an underscore: `_ticks`

warning: unused variable: `name`
   --> src/kernel/smp_scheduler.rs:317:43
    |
317 |     pub fn spawn_task(&self, entry: fn(), name: &'static str, role: Role) -> TaskId {
    |                                           ^^^^ help: if this is intentional, prefix it with an underscore: `_name`

warning: unused variable: `code`
   --> src/kernel/syscall.rs:232:13
    |
232 | fn sys_exit(code: u64, _a: u64, _b: u64, _c: u64, _d: u64, _e: u64) {
    |             ^^^^ help: if this is intentional, prefix it with an underscore: `_code`

warning: value assigned to `technical` is never read
   --> src/kernel/syscall.rs:248:13
    |
248 |     let mut technical = false;
    |             ^^^^^^^^^
    |
    = help: maybe it is overwritten before being read?

warning: unused variable: `directive`
   --> src/kernel/syscall.rs:363:13
    |
363 |         let directive = match core::str::from_utf8(directive_slice) {
    |             ^^^^^^^^^ help: if this is intentional, prefix it with an underscore: `_directive`

warning: unused variable: `plan_slice`
   --> src/kernel/syscall.rs:433:13
    |
433 |         let plan_slice = core::slice::from_raw_parts(plan_ptr as *const u8, plan_len as usize);
    |             ^^^^^^^^^^ help: if this is intentional, prefix it with an underscore: `_plan_slice`

warning: unused variable: `e`
   --> src/kernel/pci.rs:249:13
    |
249 |         Err(e) => serial::write_str("[PCI] VFIO not available, running without passthrough\n"),
    |             ^ help: if this is intentional, prefix it with an underscore: `_e`

warning: unused variable: `task_guard`
  --> src/kernel/spawn.rs:59:9
   |
59 |     let task_guard = task_ref.lock();
   |         ^^^^^^^^^^ help: if this is intentional, prefix it with an underscore: `_task_guard`

warning: unused variable: `h`
  --> src/kernel/vfio.rs:88:61
   |
88 | fn get_state_mut(table: &mut [Option<VfioHandleState>; 16], h: VfioHandle) -> Option<&mut VfioHandleState> {
   |                                                             ^ help: if this is intentional, prefix it with an underscore: `_h`

warning: unused variable: `h`
  --> src/kernel/vfio.rs:99:53
   |
99 | fn get_state(table: &[Option<VfioHandleState>; 16], h: VfioHandle) -> Option<&VfioHandleState> {
   |                                                     ^ help: if this is intentional, prefix it with an underscore: `_h`

warning: unused variable: `bus`
   --> src/kernel/vfio.rs:155:19
    |
155 | pub fn map_device(bus: u8, dev: u8, func: u8) -> Result<VfioHandle, VfioError> {
    |                   ^^^ help: if this is intentional, prefix it with an underscore: `_bus`

warning: unused variable: `dev`
   --> src/kernel/vfio.rs:155:28
    |
155 | pub fn map_device(bus: u8, dev: u8, func: u8) -> Result<VfioHandle, VfioError> {
    |                            ^^^ help: if this is intentional, prefix it with an underscore: `_dev`

warning: unused variable: `func`
   --> src/kernel/vfio.rs:155:37
    |
155 | pub fn map_device(bus: u8, dev: u8, func: u8) -> Result<VfioHandle, VfioError> {
    |                                     ^^^^ help: if this is intentional, prefix it with an underscore: `_func`

warning: unused variable: `handle`
   --> src/kernel/vfio.rs:192:21
    |
192 | pub fn close_handle(handle: VfioHandle) -> Result<(), VfioError> {
    |                     ^^^^^^ help: if this is intentional, prefix it with an underscore: `_handle`

warning: unused variable: `handle_val`
   --> src/kernel/vfio.rs:266:25
    |
266 | pub fn syscall_cfg_read(handle_val: u16, offset: u8) -> Result<u32, VfioError> {
    |                         ^^^^^^^^^^ help: if this is intentional, prefix it with an underscore: `_handle_val`

warning: unused variable: `offset`
   --> src/kernel/vfio.rs:266:42
    |
266 | pub fn syscall_cfg_read(handle_val: u16, offset: u8) -> Result<u32, VfioError> {
    |                                          ^^^^^^ help: if this is intentional, prefix it with an underscore: `_offset`

warning: unused variable: `handle_val`
   --> src/kernel/vfio.rs:281:26
    |
281 | pub fn syscall_cfg_write(handle_val: u16, offset: u8, value: u32) -> Result<(), VfioError> {
    |                          ^^^^^^^^^^ help: if this is intentional, prefix it with an underscore: `_handle_val`

warning: unused variable: `offset`
   --> src/kernel/vfio.rs:281:43
    |
281 | pub fn syscall_cfg_write(handle_val: u16, offset: u8, value: u32) -> Result<(), VfioError> {
    |                                           ^^^^^^ help: if this is intentional, prefix it with an underscore: `_offset`

warning: unused variable: `value`
   --> src/kernel/vfio.rs:281:55
    |
281 | pub fn syscall_cfg_write(handle_val: u16, offset: u8, value: u32) -> Result<(), VfioError> {
    |                                                       ^^^^^ help: if this is intentional, prefix it with an underscore: `_value`

warning: unused variable: `handle_val`
   --> src/kernel/vfio.rs:318:24
    |
318 | pub fn syscall_map_bar(handle_val: u16, bar_idx: u8) -> Result<u64, VfioError> {
    |                        ^^^^^^^^^^ help: if this is intentional, prefix it with an underscore: `_handle_val`

warning: unused variable: `bar_idx`
   --> src/kernel/vfio.rs:318:41
    |
318 | pub fn syscall_map_bar(handle_val: u16, bar_idx: u8) -> Result<u64, VfioError> {
    |                                         ^^^^^^^ help: if this is intentional, prefix it with an underscore: `_bar_idx`

warning: unused variable: `handle_val`
   --> src/kernel/vfio.rs:380:26
    |
380 | pub fn syscall_setup_irq(handle_val: u16, irq_num: u8) -> Result<(), VfioError> {
    |                          ^^^^^^^^^^ help: if this is intentional, prefix it with an underscore: `_handle_val`

warning: unused variable: `irq_num`
   --> src/kernel/vfio.rs:380:43
    |
380 | pub fn syscall_setup_irq(handle_val: u16, irq_num: u8) -> Result<(), VfioError> {
    |                                           ^^^^^^^ help: if this is intentional, prefix it with an underscore: `_irq_num`

warning: unused variable: `handle_val`
   --> src/kernel/vfio.rs:398:30
    |
398 | pub fn syscall_domain_create(handle_val: u16) -> Result<u16, VfioError> {
    |                              ^^^^^^^^^^ help: if this is intentional, prefix it with an underscore: `_handle_val`

warning: unused variable: `handle_val`
   --> src/kernel/vfio.rs:431:35
    |
431 | pub fn syscall_domain_map_staging(handle_val: u16, len: u32) -> Result<u64, VfioError> {
    |                                   ^^^^^^^^^^ help: if this is intentional, prefix it with an underscore: `_handle_val`

warning: unused variable: `len`
   --> src/kernel/vfio.rs:431:52
    |
431 | pub fn syscall_domain_map_staging(handle_val: u16, len: u32) -> Result<u64, VfioError> {
    |                                                    ^^^ help: if this is intentional, prefix it with an underscore: `_len`

warning: unused variable: `handle_val`
   --> src/kernel/vfio.rs:480:33
    |
480 | pub fn syscall_enable_busmaster(handle_val: u16) -> Result<(), VfioError> {
    |                                 ^^^^^^^^^^ help: if this is intentional, prefix it with an underscore: `_handle_val`

warning: unused variable: `handle_val`
   --> src/kernel/vfio.rs:525:34
    |
525 | pub fn syscall_disable_busmaster(handle_val: u16) -> Result<(), VfioError> {
    |                                  ^^^^^^^^^^ help: if this is intentional, prefix it with an underscore: `_handle_val`

warning: unused variable: `handle_val`
   --> src/kernel/vfio.rs:553:24
    |
553 | pub fn syscall_msi_arm(handle_val: u16, vector: u8) -> Result<(), VfioError> {
    |                        ^^^^^^^^^^ help: if this is intentional, prefix it with an underscore: `_handle_val`

warning: unused variable: `vector`
   --> src/kernel/vfio.rs:553:41
    |
553 | pub fn syscall_msi_arm(handle_val: u16, vector: u8) -> Result<(), VfioError> {
    |                                         ^^^^^^ help: if this is intentional, prefix it with an underscore: `_vector`

warning: unused variable: `handle_val`
   --> src/kernel/vfio.rs:606:27
    |
606 | pub fn syscall_msi_disarm(handle_val: u16) -> Result<(), VfioError> {
    |                           ^^^^^^^^^^ help: if this is intentional, prefix it with an underscore: `_handle_val`

warning: variable does not need to be mutable
   --> src/kernel/vfio.rs:735:13
    |
735 |         let mut table_lock = core::ptr::addr_of_mut!(HANDLE_STATES);
    |             ----^^^^^^^^^^
    |             |
    |             help: remove this `mut`

warning: variable does not need to be mutable
   --> src/kernel/vfio.rs:774:13
    |
774 |         let mut table_lock = core::ptr::addr_of_mut!(HANDLE_STATES);
    |             ----^^^^^^^^^^
    |             |
    |             help: remove this `mut`

warning: unused variable: `now`
   --> src/kernel/vfio.rs:794:42
    |
794 | pub fn on_irq(h: VfioHandle, epoch: u64, now: u64) -> (u64, u64) {
    |                                          ^^^ help: if this is intentional, prefix it with an underscore: `_now`

warning: variable does not need to be mutable
   --> src/kernel/vfio.rs:811:13
    |
811 |         let mut table_lock = core::ptr::addr_of_mut!(HANDLE_STATES);
    |             ----^^^^^^^^^^
    |             |
    |             help: remove this `mut`

warning: unnecessary `unsafe` block
  --> src/selftest/xcpu_ping.rs:16:9
   |
16 |         unsafe { qemu::exit_skip(0x50) }
   |         ^^^^^^ unnecessary `unsafe` block

warning: unnecessary `unsafe` block
  --> src/selftest/xcpu_ping.rs:36:13
   |
36 |             unsafe { qemu::exit_fail(0x6C) }
   |             ^^^^^^ unnecessary `unsafe` block

warning: unnecessary `unsafe` block
  --> src/selftest/xcpu_ping.rs:69:9
   |
69 |         unsafe { qemu::exit_ok() }
   |         ^^^^^^ unnecessary `unsafe` block

warning: unnecessary `unsafe` block
  --> src/selftest/xcpu_ping.rs:71:9
   |
71 |         unsafe { qemu::exit_fail(0x6D) }
   |         ^^^^^^ unnecessary `unsafe` block

warning: function `outw` is never used
  --> src/arch/x86_64/io.rs:15:15
   |
15 | pub unsafe fn outw(port: u16, val: u16) {
   |               ^^^^
   |
   = note: `#[warn(dead_code)]` on by default

warning: function `outl` is never used
  --> src/arch/x86_64/io.rs:20:15
   |
20 | pub unsafe fn outl(port: u16, val: u32) {
   |               ^^^^

warning: function `inb` is never used
  --> src/arch/x86_64/io.rs:25:15
   |
25 | pub unsafe fn inb(port: u16) -> u8 {
   |               ^^^

warning: function `inw` is never used
  --> src/arch/x86_64/io.rs:32:15
   |
32 | pub unsafe fn inw(port: u16) -> u16 {
   |               ^^^

warning: function `inl` is never used
  --> src/arch/x86_64/io.rs:39:15
   |
39 | pub unsafe fn inl(port: u16) -> u32 {
   |               ^^^

warning: constant `IST_STACK_SIZE` is never used
  --> src/arch/x86_64/gdt.rs:16:7
   |
16 | const IST_STACK_SIZE: usize = 4096 * 5;
   |       ^^^^^^^^^^^^^^

warning: static `DOUBLE_FAULT_STACK` is never used
  --> src/arch/x86_64/gdt.rs:17:12
   |
17 | static mut DOUBLE_FAULT_STACK: [u8; IST_STACK_SIZE] = [0; IST_STACK_SIZE];
   |            ^^^^^^^^^^^^^^^^^^

warning: struct `Selectors` is never constructed
  --> src/arch/x86_64/gdt.rs:21:12
   |
21 | pub struct Selectors {
   |            ^^^^^^^^^

warning: function `init` is never used
  --> src/arch/x86_64/gdt.rs:55:8
   |
55 | pub fn init() {
   |        ^^^^

warning: function `selectors` is never used
  --> src/arch/x86_64/gdt.rs:68:8
   |
68 | pub fn selectors() -> &'static Selectors {
   |        ^^^^^^^^^

warning: function `rdtsc` is never used
  --> src/arch/x86_64/idt.rs:22:4
   |
22 | fn rdtsc() -> u64 { unsafe { core::arch::x86_64::_rdtsc() } }
   |    ^^^^^

warning: constant `PIC_2_OFFSET` is never used
  --> src/arch/x86_64/idt.rs:25:11
   |
25 | pub const PIC_2_OFFSET: u8 = PIC_1_OFFSET + 8;
   |           ^^^^^^^^^^^^

warning: static `PICS` is never used
  --> src/arch/x86_64/idt.rs:27:12
   |
27 | pub static PICS: Mutex<ChainedPics> = Mutex::new(unsafe { ChainedPics::new(PIC_1_OFFSET, PIC_2_OFFSET) });
   |            ^^^^

warning: function `init_idt` is never used
   --> src/arch/x86_64/idt.rs:119:8
    |
119 | pub fn init_idt() {
    |        ^^^^^^^^

warning: function `vfio_isr_vector_install` is never used
   --> src/arch/x86_64/idt.rs:288:8
    |
288 | pub fn vfio_isr_vector_install(_vec: u8) {
    |        ^^^^^^^^^^^^^^^^^^^^^^^

warning: function `vfio_map_vector` is never used
   --> src/arch/x86_64/idt.rs:293:8
    |
293 | pub fn vfio_map_vector(_vec: u8, _packed: u64) {
    |        ^^^^^^^^^^^^^^^

warning: function `vfio_unmap_vector` is never used
   --> src/arch/x86_64/idt.rs:298:8
    |
298 | pub fn vfio_unmap_vector(_vec: u8) {
    |        ^^^^^^^^^^^^^^^^^

warning: function `vfio_vector_packed_load` is never used
   --> src/arch/x86_64/idt.rs:303:8
    |
303 | pub fn vfio_vector_packed_load(_vec: u8) -> u64 {
    |        ^^^^^^^^^^^^^^^^^^^^^^^

warning: constant `PIT_CHANNEL0_PORT` is never used
  --> src/arch/x86_64/pit.rs:10:7
   |
10 | const PIT_CHANNEL0_PORT: u16 = 0x40;
   |       ^^^^^^^^^^^^^^^^^

warning: constant `PIT_COMMAND_PORT` is never used
  --> src/arch/x86_64/pit.rs:11:7
   |
11 | const PIT_COMMAND_PORT:  u16 = 0x43;
   |       ^^^^^^^^^^^^^^^^

warning: constant `PIC_MASTER_COMMAND` is never used
  --> src/arch/x86_64/pit.rs:12:7
   |
12 | const PIC_MASTER_COMMAND: u16 = 0x20;
   |       ^^^^^^^^^^^^^^^^^^

warning: constant `PIC_MASTER_DATA` is never used
  --> src/arch/x86_64/pit.rs:13:7
   |
13 | const PIC_MASTER_DATA:    u16 = 0x21;
   |       ^^^^^^^^^^^^^^^

warning: constant `PIC_SLAVE_COMMAND` is never used
  --> src/arch/x86_64/pit.rs:14:7
   |
14 | const PIC_SLAVE_COMMAND:  u16 = 0xA0;
   |       ^^^^^^^^^^^^^^^^^

warning: constant `PIC_SLAVE_DATA` is never used
  --> src/arch/x86_64/pit.rs:15:7
   |
15 | const PIC_SLAVE_DATA:     u16 = 0xA1;
   |       ^^^^^^^^^^^^^^

warning: function `pic_remap` is never used
  --> src/arch/x86_64/pit.rs:20:4
   |
20 | fn pic_remap() {
   |    ^^^^^^^^^

warning: function `init` is never used
  --> src/arch/x86_64/pit.rs:39:8
   |
39 | pub fn init(frequency: u32) {
   |        ^^^^

warning: function `ack` is never used
  --> src/arch/x86_64/pit.rs:54:8
   |
54 | pub fn ack() {
   |        ^^^

warning: constant `BASE` is never used
 --> src/arch/x86_64/irqvec.rs:7:7
  |
7 | const BASE: u8 = 0x50;
  |       ^^^^

warning: constant `COUNT` is never used
 --> src/arch/x86_64/irqvec.rs:8:7
  |
8 | const COUNT: usize = 16; // 0x50..=0x5F
  |       ^^^^^

warning: constant `MAX_CPUS` is never used
 --> src/arch/x86_64/irqvec.rs:9:7
  |
9 | const MAX_CPUS: usize = 8; // conservative cap; adjust if your cpu_count() > 8
  |       ^^^^^^^^

warning: static `INIT` is never used
  --> src/arch/x86_64/irqvec.rs:11:8
   |
11 | static INIT: Once<()> = Once::new();
   |        ^^^^

warning: static `BITMAPS` is never used
  --> src/arch/x86_64/irqvec.rs:12:12
   |
12 | static mut BITMAPS: [AtomicU16; MAX_CPUS] = [
   |            ^^^^^^^

warning: function `ensure_init` is never used
  --> src/arch/x86_64/irqvec.rs:16:4
   |
16 | fn ensure_init() {
   |    ^^^^^^^^^^^

warning: function `range` is never used
  --> src/arch/x86_64/irqvec.rs:22:18
   |
22 | #[inline] pub fn range() -> core::ops::RangeInclusive<u8> { BASE..=BASE + (COUNT as u8 - 1) }
   |                  ^^^^^

warning: function `bit_for` is never used
  --> src/arch/x86_64/irqvec.rs:25:4
   |
25 | fn bit_for(vec: u8) -> u16 { 1u16 << (vec - BASE) }
   |    ^^^^^^^

warning: function `idx_for_cpu` is never used
  --> src/arch/x86_64/irqvec.rs:28:4
   |
28 | fn idx_for_cpu(cpu: usize) -> usize {
   |    ^^^^^^^^^^^

warning: function `alloc_vector` is never used
  --> src/arch/x86_64/irqvec.rs:34:8
   |
34 | pub fn alloc_vector(cpu: usize) -> Option<u8> {
   |        ^^^^^^^^^^^^

warning: function `free_vector` is never used
  --> src/arch/x86_64/irqvec.rs:55:8
   |
55 | pub fn free_vector(cpu: usize, vec: u8) {
   |        ^^^^^^^^^^^

warning: function `enable` is never used
  --> src/arch/x86_64/interrupts.rs:11:8
   |
11 | pub fn enable() {
   |        ^^^^^^

warning: function `disable` is never used
  --> src/arch/x86_64/interrupts.rs:17:8
   |
17 | pub fn disable() {
   |        ^^^^^^^

warning: function `pause` is never used
  --> src/arch/x86_64/cpu.rs:20:8
   |
20 | pub fn pause() {
   |        ^^^^^

warning: function `cpuid` is never used
  --> src/arch/x86_64/cpu.rs:28:8
   |
28 | pub fn cpuid(function: u32) -> (u32, u32, u32, u32) {
   |        ^^^^^

warning: function `check_iommu_support` is never used
  --> src/arch/x86_64/cpu.rs:52:8
   |
52 | pub fn check_iommu_support() -> bool {
   |        ^^^^^^^^^^^^^^^^^^^

warning: function `rdtsc` is never used
  --> src/arch/x86_64/cpu.rs:68:8
   |
68 | pub fn rdtsc() -> u64 {
   |        ^^^^^

warning: function `rdtsc_serialized` is never used
  --> src/arch/x86_64/cpu.rs:81:8
   |
81 | pub fn rdtsc_serialized() -> u64 {
   |        ^^^^^^^^^^^^^^^^

warning: function `read_msr` is never used
   --> src/arch/x86_64/cpu.rs:114:15
    |
114 | pub unsafe fn read_msr(msr: u32) -> u64 {
    |               ^^^^^^^^

warning: function `switch_task_context` is never used
  --> src/arch/x86_64/context_switch.rs:69:15
   |
69 | pub unsafe fn switch_task_context(old_task: &mut crate::kernel::task::Task, new_task: &crate::kernel::task::Task) {
   |               ^^^^^^^^^^^^^^^^^^^

warning: constant `IA32_APIC_BASE_BSP` is never used
  --> src/arch/x86_64/apic.rs:15:7
   |
15 | const IA32_APIC_BASE_BSP: u64    = 1 << 8;
   |       ^^^^^^^^^^^^^^^^^^

warning: constant `LAPIC_REG_VERSION` is never used
  --> src/arch/x86_64/apic.rs:20:7
   |
20 | const LAPIC_REG_VERSION: u32  = 0x030;
   |       ^^^^^^^^^^^^^^^^^

warning: constant `LAPIC_REG_TPR` is never used
  --> src/arch/x86_64/apic.rs:21:7
   |
21 | const LAPIC_REG_TPR: u32      = 0x080;
   |       ^^^^^^^^^^^^^

warning: constant `LAPIC_REG_TMR_CURR` is never used
  --> src/arch/x86_64/apic.rs:28:7
   |
28 | const LAPIC_REG_TMR_CURR: u32 = 0x390;
   |       ^^^^^^^^^^^^^^^^^^

warning: function `lapic_base_is_mapped` is never used
  --> src/arch/x86_64/apic.rs:56:8
   |
56 | pub fn lapic_base_is_mapped() -> bool { 
   |        ^^^^^^^^^^^^^^^^^^^^

warning: constant `ICR_DELIVERY_INIT` is never used
   --> src/arch/x86_64/apic.rs:208:7
    |
208 | const ICR_DELIVERY_INIT:      u32 = 0b101 << 8;
    |       ^^^^^^^^^^^^^^^^^

warning: constant `ICR_DELIVERY_STARTUP` is never used
   --> src/arch/x86_64/apic.rs:209:7
    |
209 | const ICR_DELIVERY_STARTUP:   u32 = 0b110 << 8;
    |       ^^^^^^^^^^^^^^^^^^^^

warning: constant `ICR_LEVEL_ASSERT` is never used
   --> src/arch/x86_64/apic.rs:210:7
    |
210 | const ICR_LEVEL_ASSERT:       u32 = 1 << 14;
    |       ^^^^^^^^^^^^^^^^

warning: function `start_ap` is never used
   --> src/arch/x86_64/apic.rs:244:15
    |
244 | pub unsafe fn start_ap(apic_id: u32, vector: u8) {
    |               ^^^^^^^^

warning: function `start_ap` is never used
  --> src/arch/x86_64/smp/mod.rs:70:11
   |
70 | unsafe fn start_ap(apic_id: u32) -> Result<(), &'static str> {
   |           ^^^^^^^^

warning: function `simple_delay_us` is never used
   --> src/arch/x86_64/smp/mod.rs:116:4
    |
116 | fn simple_delay_us(microseconds: u64) {
    |    ^^^^^^^^^^^^^^^

warning: static `ap_trampoline_start` is never used
  --> src/arch/x86_64/smp/mod.rs:72:16
   |
72 |         static ap_trampoline_start: u8;
   |                ^^^^^^^^^^^^^^^^^^^

warning: static `ap_trampoline_end` is never used
  --> src/arch/x86_64/smp/mod.rs:73:16
   |
73 |         static ap_trampoline_end: u8;
   |                ^^^^^^^^^^^^^^^^^

warning: constant `IPI_RESCHED` is never used
  --> src/arch/x86_64/smp/ipi.rs:12:11
   |
12 | pub const IPI_RESCHED: u8 = 0xF0;
   |           ^^^^^^^^^^^

warning: constant `IPI_TLB` is never used
  --> src/arch/x86_64/smp/ipi.rs:13:11
   |
13 | pub const IPI_TLB: u8     = 0xF1;
   |           ^^^^^^^

warning: function `send_resched_ipi` is never used
  --> src/arch/x86_64/smp/ipi.rs:27:8
   |
27 | pub fn send_resched_ipi(apic_id: u32) {
   |        ^^^^^^^^^^^^^^^^

warning: function `send_tlb_ipi` is never used
  --> src/arch/x86_64/smp/ipi.rs:32:8
   |
32 | pub fn send_tlb_ipi(apic_id: u32) {
   |        ^^^^^^^^^^^^

warning: fields `code_ring0`, `data_ring0`, `code_ring3`, `data_ring3`, and `tss` are never read
  --> src/arch/x86_64/percpu.rs:26:9
   |
25 | pub struct Selectors {
   |            --------- fields in this struct
26 |     pub code_ring0: SegmentSelector,
   |         ^^^^^^^^^^
27 |     pub data_ring0: SegmentSelector,
   |         ^^^^^^^^^^
28 |     pub code_ring3: SegmentSelector,
   |         ^^^^^^^^^^
29 |     pub data_ring3: SegmentSelector,
   |         ^^^^^^^^^^
30 |     pub tss: SegmentSelector,
   |         ^^^
   |
   = note: `Selectors` has derived impls for the traits `Clone` and `Debug`, but these are intentionally ignored during dead code analysis

warning: method `get_ticks` is never used
   --> src/arch/x86_64/percpu.rs:183:12
    |
 73 | impl PerCpu {
    | ----------- method in this implementation
...
183 |     pub fn get_ticks(&self) -> u64 {
    |            ^^^^^^^^^

warning: function `lapic_id` is never used
   --> src/arch/x86_64/percpu.rs:276:8
    |
276 | pub fn lapic_id() -> u32 {
    |        ^^^^^^^^

warning: function `get_percpu` is never used
   --> src/arch/x86_64/percpu.rs:305:8
    |
305 | pub fn get_percpu(cpu_id: u32) -> Option<&'static mut PerCpu> {
    |        ^^^^^^^^^^

warning: function `init_bsp_percpu` is never used
   --> src/arch/x86_64/percpu.rs:324:8
    |
324 | pub fn init_bsp_percpu() -> Result<(), &'static str> {
    |        ^^^^^^^^^^^^^^^

warning: function `write_fmt` is never used
   --> src/kernel/serial.rs:116:8
    |
116 | pub fn write_fmt(args: core::fmt::Arguments) -> Result<(), core::fmt::Error> {
    |        ^^^^^^^^^

warning: variants `None`, `IpcRecv`, `IpcSend`, and `Sleep` are never constructed
  --> src/kernel/task.rs:20:5
   |
19 | pub enum BlockReason {
   |          ----------- variants in this enum
20 |     None,
   |     ^^^^
21 |     IpcRecv,
   |     ^^^^^^^
22 |     IpcSend,
   |     ^^^^^^^
23 |     Sleep,
   |     ^^^^^
   |
   = note: `BlockReason` has derived impls for the traits `Debug` and `Clone`, but these are intentionally ignored during dead code analysis

warning: constant `STACK_SIZE` is never used
  --> src/kernel/task.rs:28:11
   |
28 | pub const STACK_SIZE: usize = 16 * 1024; // 16 KiB
   |           ^^^^^^^^^^

warning: variants `Philosophy`, `Technical`, and `Child` are never constructed
  --> src/kernel/task.rs:35:5
   |
34 | pub enum Role {
   |          ---- variants in this enum
35 |     Philosophy,
   |     ^^^^^^^^^^
36 |     Technical,
   |     ^^^^^^^^^
37 |     Child,
   |     ^^^^^
   |
   = note: `Role` has derived impls for the traits `Clone` and `Debug`, but these are intentionally ignored during dead code analysis

warning: variants `Blocked` and `Terminated` are never constructed
  --> src/kernel/task.rs:45:5
   |
42 | pub enum State {
   |          ----- variants in this enum
...
45 |     Blocked(BlockReason),
   |     ^^^^^^^
46 |     Terminated,
   |     ^^^^^^^^^^
   |
   = note: `State` has derived impls for the traits `Clone` and `Debug`, but these are intentionally ignored during dead code analysis

warning: multiple fields are never read
  --> src/kernel/task.rs:70:9
   |
68 | pub struct Task {
   |            ---- fields in this struct
69 |     pub id: usize,
70 |     pub name: &'static str,
   |         ^^^^
71 |     pub role: Role,
   |         ^^^^
72 |     pub stack: Box<[u8]>,
   |         ^^^^^
73 |     pub context: TaskContext,
   |         ^^^^^^^
74 |     pub state: State,
75 |     pub priority: u8,
   |         ^^^^^^^^
76 |     pub affinity_core: usize,
   |         ^^^^^^^^^^^^^
77 |     pub affinity_gpu: Option<usize>,
   |         ^^^^^^^^^^^^
78 |     /// CPU affinity hint (last CPU we ran on - best-effort hint)
79 |     pub cpu_hint: u32,
   |         ^^^^^^^^
...
83 |     pub next: Option<&'static mut Task>,
   |         ^^^^
84 |     pub kstack_top: u64,
   |         ^^^^^^^^^^

warning: associated functions `new`, `spawn`, and `free` are never used
   --> src/kernel/task.rs:116:12
    |
111 | impl Task {
    | --------- associated functions in this implementation
...
116 |     pub fn new(role: Role, entry: fn()) -> &'static mut Task {
    |            ^^^
...
195 |     pub fn spawn(entry: fn(), parent_role: Role) -> &'static mut Task {
    |            ^^^^^
...
220 |     pub unsafe fn free(task: *mut Task) {
    |                   ^^^^

warning: static `CPU_TICKS` is never used
  --> src/kernel/scheduler.rs:23:8
   |
23 | static CPU_TICKS: [AtomicU64; 2] = [
   |        ^^^^^^^^^

warning: struct `LegacyScheduler` is never constructed
   --> src/kernel/scheduler.rs:228:12
    |
228 | pub struct LegacyScheduler {
    |            ^^^^^^^^^^^^^^^

warning: associated items `new`, `add_task`, and `next` are never used
   --> src/kernel/scheduler.rs:234:18
    |
233 | impl LegacyScheduler {
    | -------------------- associated items in this implementation
234 |     pub const fn new() -> Self {
    |                  ^^^
...
238 |     pub fn add_task(&mut self, task: &'static mut Task) {
    |            ^^^^^^^^
...
242 |     pub fn next(&mut self) -> Option<&mut Task> {
    |            ^^^^

warning: function `init` is never used
   --> src/kernel/scheduler.rs:254:8
    |
254 | pub fn init() {
    |        ^^^^

warning: function `add_parent` is never used
   --> src/kernel/scheduler.rs:258:8
    |
258 | pub fn add_parent(task: &'static mut Task) {
    |        ^^^^^^^^^^

warning: function `add_task` is never used
   --> src/kernel/scheduler.rs:263:8
    |
263 | pub fn add_task(task: &'static mut Task) {
    |        ^^^^^^^^

warning: function `spawn_child` is never used
   --> src/kernel/scheduler.rs:268:8
    |
268 | pub fn spawn_child(entry: fn(), parent_role: super::task::Role) -> usize {
    |        ^^^^^^^^^^^

warning: function `terminate_current` is never used
   --> src/kernel/scheduler.rs:286:8
    |
286 | pub fn terminate_current() {
    |        ^^^^^^^^^^^^^^^^^

warning: function `tick` is never used
   --> src/kernel/scheduler.rs:293:8
    |
293 | pub fn tick() {
    |        ^^^^

warning: function `tick_smp` is never used
   --> src/kernel/scheduler.rs:321:8
    |
321 | pub fn tick_smp() {
    |        ^^^^^^^^

warning: function `switch_context` is never used
   --> src/kernel/scheduler.rs:221:8
    |
221 |     fn switch_context(old: *mut super::task::TaskContext, new: *const super::task::TaskContext);
    |        ^^^^^^^^^^^^^^

warning: field `next_task_id` is never read
   --> src/kernel/smp_scheduler.rs:233:5
    |
227 | pub struct SmpScheduler {
    |            ------------ field in this struct
...
233 |     next_task_id: AtomicU64,
    |     ^^^^^^^^^^^^

warning: methods `spawn_task` and `get_stats` are never used
   --> src/kernel/smp_scheduler.rs:317:12
    |
238 | impl SmpScheduler {
    | ----------------- methods in this implementation
...
317 |     pub fn spawn_task(&self, entry: fn(), name: &'static str, role: Role) -> TaskId {
    |            ^^^^^^^^^^
...
508 |     pub fn get_stats(&self, cpu_id: u32) -> (usize, u64, u64, u64, u64) {
    |            ^^^^^^^^^

warning: function `spawn_smp_task` is never used
   --> src/kernel/smp_scheduler.rs:536:8
    |
536 | pub fn spawn_smp_task(entry: fn(), name: &'static str, role: Role) -> TaskId {
    |        ^^^^^^^^^^^^^^

warning: function `smp_schedule` is never used
   --> src/kernel/smp_scheduler.rs:541:8
    |
541 | pub fn smp_schedule() -> Option<TaskId> {
    |        ^^^^^^^^^^^^

warning: function `get_smp_stats` is never used
   --> src/kernel/smp_scheduler.rs:551:8
    |
551 | pub fn get_smp_stats() -> (usize, u64, u64, u64, u64) {
    |        ^^^^^^^^^^^^^

warning: constant `SYS_WRITE` is never used
  --> src/kernel/syscall.rs:27:11
   |
27 | pub const SYS_WRITE: usize      = 1;
   |           ^^^^^^^^^

warning: constant `SYS_EXIT` is never used
  --> src/kernel/syscall.rs:28:11
   |
28 | pub const SYS_EXIT: usize       = 2;
   |           ^^^^^^^^

warning: constant `SYS_CLASSIFY` is never used
  --> src/kernel/syscall.rs:29:11
   |
29 | pub const SYS_CLASSIFY: usize   = 3;
   |           ^^^^^^^^^^^^

warning: constant `SYS_SPAWN` is never used
  --> src/kernel/syscall.rs:30:11
   |
30 | pub const SYS_SPAWN: usize      = 4;
   |           ^^^^^^^^^

warning: constant `SYS_SIS_EXECUTE` is never used
  --> src/kernel/syscall.rs:31:11
   |
31 | pub const SYS_SIS_EXECUTE: usize = 5;
   |           ^^^^^^^^^^^^^^^

warning: constant `SYS_SIS_VERIFY` is never used
  --> src/kernel/syscall.rs:32:11
   |
32 | pub const SYS_SIS_VERIFY: usize  = 6;
   |           ^^^^^^^^^^^^^^

warning: constant `SYS_SIS_LOG` is never used
  --> src/kernel/syscall.rs:33:11
   |
33 | pub const SYS_SIS_LOG: usize     = 7;
   |           ^^^^^^^^^^^

warning: function `init` is never used
  --> src/kernel/syscall.rs:89:8
   |
89 | pub fn init() {
   |        ^^^^

warning: function `dispatch_manual` is never used
   --> src/kernel/syscall.rs:149:8
    |
149 | pub fn dispatch_manual(num: u64, arg0: u64, arg1: u64, arg2: u64, arg3: u64, arg4: u64, arg5: u64) {
    |        ^^^^^^^^^^^^^^^

warning: function `sys_write` is never used
   --> src/kernel/syscall.rs:215:4
    |
215 | fn sys_write(_fd: u64, buf: u64, len: u64, _c: u64, _d: u64, _e: u64) {
    |    ^^^^^^^^^

warning: function `sys_exit` is never used
   --> src/kernel/syscall.rs:232:4
    |
232 | fn sys_exit(code: u64, _a: u64, _b: u64, _c: u64, _d: u64, _e: u64) {
    |    ^^^^^^^^

warning: function `sys_classify` is never used
   --> src/kernel/syscall.rs:241:4
    |
241 | fn sys_classify(buf: u64, len: u64, _b: u64, _c: u64, _d: u64, _e: u64) {
    |    ^^^^^^^^^^^^

warning: function `sys_spawn` is never used
   --> src/kernel/syscall.rs:310:4
    |
310 | fn sys_spawn(role_id: u64, _arg1: u64, _arg2: u64, _a: u64, _b: u64, _c: u64) {
    |    ^^^^^^^^^

warning: function `sys_sis_execute` is never used
   --> src/kernel/syscall.rs:345:4
    |
345 | fn sys_sis_execute(directive_ptr: u64, directive_len: u64, sig_ptr: u64, sig_len: u64, _d: u64, _e: u64) {
    |    ^^^^^^^^^^^^^^^

warning: function `sys_sis_verify` is never used
   --> src/kernel/syscall.rs:425:4
    |
425 | fn sys_sis_verify(plan_ptr: u64, plan_len: u64, _b: u64, _c: u64, _d: u64, _e: u64) {
    |    ^^^^^^^^^^^^^^

warning: function `sys_sis_log` is never used
   --> src/kernel/syscall.rs:452:4
    |
452 | fn sys_sis_log(operation_ptr: u64, operation_len: u64, result_ptr: u64, result_len: u64, _d: u64, _e: u64) {
    |    ^^^^^^^^^^^

warning: static `GPU_COUNT` is never used
  --> src/kernel/pci.rs:16:12
   |
16 | static mut GPU_COUNT: usize = 0;
   |            ^^^^^^^^^

warning: function `cfg_addr` is never used
  --> src/kernel/pci.rs:20:4
   |
20 | fn cfg_addr(bus: u8, dev: u8, func: u8, off: u8) -> u32 {
   |    ^^^^^^^^

warning: function `cfg_read32` is never used
  --> src/kernel/pci.rs:29:8
   |
29 | pub fn cfg_read32(bus: u8, dev: u8, func: u8, off: u8) -> u32 {
   |        ^^^^^^^^^^

warning: function `cfg_write32` is never used
  --> src/kernel/pci.rs:33:8
   |
33 | pub fn cfg_write32(bus: u8, dev: u8, func: u8, off: u8, val: u32) {
   |        ^^^^^^^^^^^

warning: struct `Bdf` is never constructed
  --> src/kernel/pci.rs:38:12
   |
38 | pub struct Bdf { pub bus: u8, pub dev: u8, pub func: u8 }
   |            ^^^

warning: struct `PciId` is never constructed
  --> src/kernel/pci.rs:41:12
   |
41 | pub struct PciId { pub vendor: u16, pub device: u16 }
   |            ^^^^^

warning: function `read_id` is never used
  --> src/kernel/pci.rs:43:8
   |
43 | pub fn read_id(bdf: Bdf) -> PciId {
   |        ^^^^^^^

warning: function `read_bar0` is never used
  --> src/kernel/pci.rs:48:8
   |
48 | pub fn read_bar0(bdf: Bdf) -> u64 {
   |        ^^^^^^^^^

warning: function `bar_is_io_space` is never used
  --> src/kernel/pci.rs:59:8
   |
59 | pub fn bar_is_io_space(bdf: Bdf, bar_idx: u8) -> bool {
   |        ^^^^^^^^^^^^^^^

warning: function `get_bar_size` is never used
  --> src/kernel/pci.rs:67:8
   |
67 | pub fn get_bar_size(bdf: Bdf, bar_idx: u8) -> u32 {
   |        ^^^^^^^^^^^^

warning: function `find_first_e1000` is never used
   --> src/kernel/pci.rs:148:8
    |
148 | pub fn find_first_e1000() -> Option<Bdf> {
    |        ^^^^^^^^^^^^^^^^

warning: function `pci_config_read` is never used
   --> src/kernel/pci.rs:164:4
    |
164 | fn pci_config_read(bus: u8, device: u8, function: u8, offset: u8) -> u32 {
    |    ^^^^^^^^^^^^^^^

warning: function `nibble_to_hex` is never used
   --> src/kernel/pci.rs:168:4
    |
168 | fn nibble_to_hex(n: u8) -> u8 {
    |    ^^^^^^^^^^^^^

warning: function `write_hex8` is never used
   --> src/kernel/pci.rs:176:4
    |
176 | fn write_hex8(val: u8) {
    |    ^^^^^^^^^^

warning: function `write_hex16` is never used
   --> src/kernel/pci.rs:183:4
    |
183 | fn write_hex16(val: u16) {
    |    ^^^^^^^^^^^

warning: function `init` is never used
   --> src/kernel/pci.rs:191:8
    |
191 | pub fn init() {
    |        ^^^^

warning: function `set_core_affinity` is never used
  --> src/kernel/affinity.rs:15:8
   |
15 | pub fn set_core_affinity(_core_id: usize) -> Result<(), &'static str> {
   |        ^^^^^^^^^^^^^^^^^

warning: function `set_gpu_affinity` is never used
  --> src/kernel/affinity.rs:24:8
   |
24 | pub fn set_gpu_affinity(_gpu_id: usize) -> Result<(), &'static str> {
   |        ^^^^^^^^^^^^^^^^

warning: static `CURRENT_TID` is never used
 --> src/kernel/current.rs:5:8
  |
5 | static CURRENT_TID: AtomicU64 = AtomicU64::new(1);
  |        ^^^^^^^^^^^

warning: function `tid` is never used
 --> src/kernel/current.rs:8:8
  |
8 | pub fn tid() -> u64 {
  |        ^^^

warning: function `set_tid` is never used
  --> src/kernel/current.rs:13:8
   |
13 | pub fn set_tid(new_tid: u64) {
   |        ^^^^^^^

warning: static `TASKS` is never used
 --> src/kernel/task_table.rs:8:12
  |
8 | static mut TASKS: [Option<Arc<Mutex<Task>>>; 256] = [const { None }; 256];
  |            ^^^^^

warning: struct `TaskRef` is never constructed
  --> src/kernel/task_table.rs:10:12
   |
10 | pub struct TaskRef {
   |            ^^^^^^^

warning: methods `lock` and `try_lock_for_enqueue` are never used
  --> src/kernel/task_table.rs:15:12
   |
14 | impl TaskRef {
   | ------------ methods in this implementation
15 |     pub fn lock(&self) -> spin::MutexGuard<Task> {
   |            ^^^^
...
19 |     pub fn try_lock_for_enqueue(&self) -> Option<spin::MutexGuard<Task>> {
   |            ^^^^^^^^^^^^^^^^^^^^

warning: function `get` is never used
  --> src/kernel/task_table.rs:25:8
   |
25 | pub fn get(tid: u64) -> TaskRef {
   |        ^^^

warning: function `store` is never used
  --> src/kernel/task_table.rs:71:8
   |
71 | pub fn store(tid: u64, task: Task) {
   |        ^^^^^

warning: static `NEXT_TID` is never used
 --> src/kernel/spawn.rs:8:8
  |
8 | static NEXT_TID: AtomicU64 = AtomicU64::new(2);
  |        ^^^^^^^^

warning: function `spawn_kernel_closure` is never used
  --> src/kernel/spawn.rs:11:15
   |
11 | pub unsafe fn spawn_kernel_closure(entry_addr: usize) -> u64 {
   |               ^^^^^^^^^^^^^^^^^^^^

warning: struct `VfioHandle` is never constructed
  --> src/kernel/vfio.rs:16:12
   |
16 | pub struct VfioHandle {
   |            ^^^^^^^^^^

warning: associated items `new` and `as_u16` are never used
  --> src/kernel/vfio.rs:22:12
   |
21 | impl VfioHandle {
   | --------------- associated items in this implementation
22 |     pub fn new(id: u16, gen: u8) -> Self {
   |            ^^^
...
26 |     pub fn as_u16(self) -> u16 {
   |            ^^^^^^

warning: enum `VfioError` is never used
  --> src/kernel/vfio.rs:33:10
   |
33 | pub enum VfioError {
   |          ^^^^^^^^^

warning: struct `HandleAllocator` is never constructed
  --> src/kernel/vfio.rs:45:8
   |
45 | struct HandleAllocator {
   |        ^^^^^^^^^^^^^^^

warning: static `HANDLE_ALLOC` is never used
  --> src/kernel/vfio.rs:50:12
   |
50 | static mut HANDLE_ALLOC: HandleAllocator = HandleAllocator {
   |            ^^^^^^^^^^^^

warning: struct `VfioHandleState` is never constructed
  --> src/kernel/vfio.rs:57:8
   |
57 | struct VfioHandleState {
   |        ^^^^^^^^^^^^^^^

warning: static `HANDLE_STATES` is never used
  --> src/kernel/vfio.rs:78:12
   |
78 | static mut HANDLE_STATES: [Option<VfioHandleState>; 16] = [const { None }; 16];
   |            ^^^^^^^^^^^^^

warning: static `NEXT_GEN` is never used
  --> src/kernel/vfio.rs:79:8
   |
79 | static NEXT_GEN: AtomicU64 = AtomicU64::new(1);
   |        ^^^^^^^^

warning: function `tsc` is never used
  --> src/kernel/vfio.rs:82:8
   |
82 | pub fn tsc() -> u64 { unsafe { core::arch::x86_64::_rdtsc() } }
   |        ^^^

warning: function `get_state_mut` is never used
  --> src/kernel/vfio.rs:88:4
   |
88 | fn get_state_mut(table: &mut [Option<VfioHandleState>; 16], h: VfioHandle) -> Option<&mut VfioHandleState> {
   |    ^^^^^^^^^^^^^

warning: function `get_state` is never used
  --> src/kernel/vfio.rs:99:4
   |
99 | fn get_state(table: &[Option<VfioHandleState>; 16], h: VfioHandle) -> Option<&VfioHandleState> {
   |    ^^^^^^^^^

warning: function `find_msi_cap` is never used
   --> src/kernel/vfio.rs:117:4
    |
117 | fn find_msi_cap(_bdf: Bdf) -> Option<u8> {
    |    ^^^^^^^^^^^^

warning: function `program_msi` is never used
   --> src/kernel/vfio.rs:121:4
    |
121 | fn program_msi(bdf: Bdf, cap_offset: u8, vector: u8) {
    |    ^^^^^^^^^^^

warning: function `clear_msi` is never used
   --> src/kernel/vfio.rs:135:4
    |
135 | fn clear_msi(bdf: Bdf, cap_offset: u8) {
    |    ^^^^^^^^^

warning: function `init` is never used
   --> src/kernel/vfio.rs:142:8
    |
142 | pub fn init() -> Result<(), VfioError> {
    |        ^^^^

warning: function `map_device` is never used
   --> src/kernel/vfio.rs:155:8
    |
155 | pub fn map_device(bus: u8, dev: u8, func: u8) -> Result<VfioHandle, VfioError> {
    |        ^^^^^^^^^^

warning: function `unmap_device` is never used
   --> src/kernel/vfio.rs:187:8
    |
187 | pub fn unmap_device(_handle: usize) -> Result<(), VfioError> {
    |        ^^^^^^^^^^^^

warning: function `close_handle` is never used
   --> src/kernel/vfio.rs:192:8
    |
192 | pub fn close_handle(handle: VfioHandle) -> Result<(), VfioError> {
    |        ^^^^^^^^^^^^

warning: function `task_cleanup` is never used
   --> src/kernel/vfio.rs:214:8
    |
214 | pub fn task_cleanup() {
    |        ^^^^^^^^^^^^

warning: function `create_handle_state` is never used
   --> src/kernel/vfio.rs:224:4
    |
224 | fn create_handle_state(bdf: Bdf) -> Option<VfioHandle> {
    |    ^^^^^^^^^^^^^^^^^^^

warning: function `syscall_bind_device` is never used
   --> src/kernel/vfio.rs:254:8
    |
254 | pub fn syscall_bind_device(bus: u8, dev: u8, func: u8) -> Result<VfioHandle, VfioError> {
    |        ^^^^^^^^^^^^^^^^^^^

warning: function `handle_from_u16` is never used
   --> src/kernel/vfio.rs:259:4
    |
259 | fn handle_from_u16(val: u16) -> VfioHandle {
    |    ^^^^^^^^^^^^^^^

warning: function `syscall_cfg_read` is never used
   --> src/kernel/vfio.rs:266:8
    |
266 | pub fn syscall_cfg_read(handle_val: u16, offset: u8) -> Result<u32, VfioError> {
    |        ^^^^^^^^^^^^^^^^

warning: function `syscall_cfg_write` is never used
   --> src/kernel/vfio.rs:281:8
    |
281 | pub fn syscall_cfg_write(handle_val: u16, offset: u8, value: u32) -> Result<(), VfioError> {
    |        ^^^^^^^^^^^^^^^^^

warning: function `syscall_map_bar` is never used
   --> src/kernel/vfio.rs:318:8
    |
318 | pub fn syscall_map_bar(handle_val: u16, bar_idx: u8) -> Result<u64, VfioError> {
    |        ^^^^^^^^^^^^^^^

warning: function `syscall_setup_irq` is never used
   --> src/kernel/vfio.rs:380:8
    |
380 | pub fn syscall_setup_irq(handle_val: u16, irq_num: u8) -> Result<(), VfioError> {
    |        ^^^^^^^^^^^^^^^^^

warning: function `syscall_domain_create` is never used
   --> src/kernel/vfio.rs:398:8
    |
398 | pub fn syscall_domain_create(handle_val: u16) -> Result<u16, VfioError> {
    |        ^^^^^^^^^^^^^^^^^^^^^

warning: function `syscall_domain_map_staging` is never used
   --> src/kernel/vfio.rs:431:8
    |
431 | pub fn syscall_domain_map_staging(handle_val: u16, len: u32) -> Result<u64, VfioError> {
    |        ^^^^^^^^^^^^^^^^^^^^^^^^^^

warning: function `syscall_enable_busmaster` is never used
   --> src/kernel/vfio.rs:480:8
    |
480 | pub fn syscall_enable_busmaster(handle_val: u16) -> Result<(), VfioError> {
    |        ^^^^^^^^^^^^^^^^^^^^^^^^

warning: function `syscall_disable_busmaster` is never used
   --> src/kernel/vfio.rs:525:8
    |
525 | pub fn syscall_disable_busmaster(handle_val: u16) -> Result<(), VfioError> {
    |        ^^^^^^^^^^^^^^^^^^^^^^^^^

warning: function `syscall_msi_arm` is never used
   --> src/kernel/vfio.rs:553:8
    |
553 | pub fn syscall_msi_arm(handle_val: u16, vector: u8) -> Result<(), VfioError> {
    |        ^^^^^^^^^^^^^^^

warning: function `syscall_msi_disarm` is never used
   --> src/kernel/vfio.rs:606:8
    |
606 | pub fn syscall_msi_disarm(handle_val: u16) -> Result<(), VfioError> {
    |        ^^^^^^^^^^^^^^^^^^

warning: function `syscall_msi_arm_new` is never used
   --> src/kernel/vfio.rs:733:8
    |
733 | pub fn syscall_msi_arm_new(h: VfioHandle) -> i32 {
    |        ^^^^^^^^^^^^^^^^^^^

warning: function `syscall_msi_disarm_new` is never used
   --> src/kernel/vfio.rs:772:8
    |
772 | pub fn syscall_msi_disarm_new(h: VfioHandle) -> i32 {
    |        ^^^^^^^^^^^^^^^^^^^^^^

warning: function `on_irq` is never used
   --> src/kernel/vfio.rs:794:8
    |
794 | pub fn on_irq(h: VfioHandle, epoch: u64, now: u64) -> (u64, u64) {
    |        ^^^^^^

warning: function `syscall_msi_trigger_e1000_new` is never used
   --> src/kernel/vfio.rs:809:8
    |
809 | pub fn syscall_msi_trigger_e1000_new(h: VfioHandle) -> i32 {
    |        ^^^^^^^^^^^^^^^^^^^^^^^^^^^^^

warning: function `lookup_by_vector` is never used
   --> src/kernel/vfio.rs:843:8
    |
843 | pub fn lookup_by_vector(vec: u8) -> Option<(VfioHandle, u64)> {
    |        ^^^^^^^^^^^^^^^^

warning: struct `File` is never constructed
 --> src/kernel/vfs.rs:4:12
  |
4 | pub struct File<'a> {
  |            ^^^^

warning: function `open` is never used
 --> src/kernel/vfs.rs:9:8
  |
9 | pub fn open(path: &str) -> Result<File<'static>, &'static str> {
  |        ^^^^

warning: function `read` is never used
  --> src/kernel/vfs.rs:13:8
   |
13 | pub fn read(f: &mut File<'_>, buf: &mut [u8]) -> usize {
   |        ^^^^

warning: function `list` is never used
  --> src/kernel/vfs.rs:20:8
   |
20 | pub fn list(mut cb: impl FnMut(&str)) {
   |        ^^^^

warning: function `exists` is never used
  --> src/kernel/vfs.rs:24:8
   |
24 | pub fn exists(path: &str) -> bool { 
   |        ^^^^^^

warning: function `available` is never used
  --> src/kernel/vfs.rs:28:8
   |
28 | pub fn available() -> bool { 
   |        ^^^^^^^^^

warning: function `size` is never used
  --> src/kernel/vfs.rs:32:8
   |
32 | pub fn size(path: &str) -> Option<usize> {
   |        ^^^^

warning: struct `InitFsBlob` is never constructed
 --> src/kernel/initfs.rs:6:12
  |
6 | pub struct InitFsBlob([u8; 0]);
  |            ^^^^^^^^^^

warning: struct `FileEntry` is never constructed
  --> src/kernel/initfs.rs:15:12
   |
15 | pub struct FileEntry<'a> {
   |            ^^^^^^^^^

warning: function `available` is never used
  --> src/kernel/initfs.rs:20:8
   |
20 | pub fn available() -> bool {
   |        ^^^^^^^^^

warning: function `find` is never used
  --> src/kernel/initfs.rs:27:8
   |
27 | pub fn find(path: &str) -> Option<FileEntry<'static>> {
   |        ^^^^

warning: function `list` is never used
  --> src/kernel/initfs.rs:37:8
   |
37 | pub fn list<F: FnMut(&str)>(mut f: F) {
   |        ^^^^

warning: struct `Iter` is never constructed
  --> src/kernel/initfs.rs:44:8
   |
44 | struct Iter {
   |        ^^^^

warning: associated function `new` is never used
  --> src/kernel/initfs.rs:50:8
   |
49 | impl Iter {
   | --------- associated function in this implementation
50 |     fn new() -> Self {
   |        ^^^

warning: function `parse_hex` is never used
  --> src/kernel/initfs.rs:59:4
   |
59 | fn parse_hex(s: &[u8]) -> Option<usize> {
   |    ^^^^^^^^^

warning: function `align4` is never used
  --> src/kernel/initfs.rs:73:4
   |
73 | fn align4(n: usize) -> usize { (n + 3) & !3 }
   |    ^^^^^^

warning: function `sleep_ms` is never used
 --> src/time.rs:4:8
  |
4 | pub fn sleep_ms(ms: u64) {
  |        ^^^^^^^^

warning: creating a shared reference to mutable static
  --> src/arch/x86_64/gdt.rs:32:55
   |
32 |         let stack_start = VirtAddr::from_ptr(unsafe { DOUBLE_FAULT_STACK.as_ptr() });
   |                                                       ^^^^^^^^^^^^^^^^^^^^^^^^^^^ shared reference to mutable static
   |
   = note: for more information, see <https://doc.rust-lang.org/edition-guide/rust-2024/static-mut-references.html>
   = note: shared references to mutable statics are dangerous; it's undefined behavior if the static is mutated or if a mutable reference is created for it while the shared reference lives
   = note: `#[warn(static_mut_refs)]` on by default

error: casting `&T` to `&mut T` is undefined behavior, even if the reference is unused, consider instead using an `UnsafeCell`
   --> src/arch/x86_64/idt.rs:141:15
    |
140 |     let idt_ptr = &IDT as *const _ as *mut InterruptDescriptorTable;
    |                   ------------------------------------------------- casting happened here
141 |     let idt = &mut *idt_ptr;
    |               ^^^^^^^^^^^^^
    |
    = note: for more information, visit <https://doc.rust-lang.org/book/ch15-05-interior-mutability.html>
    = note: `#[deny(invalid_reference_casting)]` on by default

error: casting references to a bigger memory layout than the backing allocation is undefined behavior, even if the reference is unused
   --> src/arch/x86_64/idt.rs:141:15
    |
140 |     let idt_ptr = &IDT as *const _ as *mut InterruptDescriptorTable;
    |                   -------------------------------------------------
    |                   ||
    |                   |backing allocation comes from here
    |                   casting happened here
141 |     let idt = &mut *idt_ptr;
    |               ^^^^^^^^^^^^^
    |
    = note: casting from `IDT` (0 bytes) to `InterruptDescriptorTable` (4096 bytes)

warning: creating a mutable reference to mutable static
  --> src/arch/x86_64/memory.rs:76:14
   |
76 |     unsafe { BOOT_MAPPER.as_mut().expect("BOOT_MAPPER not initialized") }
   |              ^^^^^^^^^^^^^^^^^^^^ mutable reference to mutable static
   |
   = note: for more information, see <https://doc.rust-lang.org/edition-guide/rust-2024/static-mut-references.html>
   = note: mutable references to mutable statics are dangerous; it's undefined behavior if any other pointer to the static is used or if any other reference is created for the static while the mutable reference lives

warning: creating a shared reference to mutable static
  --> src/arch/x86_64/apic.rs:57:14
   |
57 |     unsafe { LAPIC_BASE_VA.is_some() } 
   |              ^^^^^^^^^^^^^^^^^^^^^^^ shared reference to mutable static
   |
   = note: for more information, see <https://doc.rust-lang.org/edition-guide/rust-2024/static-mut-references.html>
   = note: shared references to mutable statics are dangerous; it's undefined behavior if the static is mutated or if a mutable reference is created for it while the shared reference lives

error: literal out of range for `u8`
  --> src/arch/x86_64/smp/mod.rs:97:36
   |
97 |     apic::send_ipi(apic_id, 0x00 | 0x500); // INIT IPI
   |                                    ^^^^^
   |
   = note: the literal `0x500` (decimal `1280`) does not fit into the type `u8` and will become `0u8`
   = help: consider using the type `u16` instead
   = note: `#[deny(overflowing_literals)]` on by default

error: literal out of range for `u8`
   --> src/arch/x86_64/smp/mod.rs:104:46
    |
104 |     apic::send_ipi(apic_id, startup_vector | 0x600); // SIPI
    |                                              ^^^^^
    |
    = note: the literal `0x600` (decimal `1536`) does not fit into the type `u8` and will become `0u8`
    = help: consider using the type `u16` instead

error: literal out of range for `u8`
   --> src/arch/x86_64/smp/mod.rs:110:46
    |
110 |     apic::send_ipi(apic_id, startup_vector | 0x600); // SIPI
    |                                              ^^^^^
    |
    = note: the literal `0x600` (decimal `1536`) does not fit into the type `u8` and will become `0u8`
    = help: consider using the type `u16` instead

warning: creating a shared reference to mutable static
  --> src/arch/x86_64/percpu_clean.rs:35:20
   |
35 |         let base = &BSP_PCPU as *const _ as u64;
   |                    ^^^^^^^^^ shared reference to mutable static
   |
   = note: for more information, see <https://doc.rust-lang.org/edition-guide/rust-2024/static-mut-references.html>
   = note: shared references to mutable statics are dangerous; it's undefined behavior if the static is mutated or if a mutable reference is created for it while the shared reference lives
help: use `&raw const` instead to create a raw pointer
   |
35 |         let base = &raw const BSP_PCPU as *const _ as u64;
   |                     +++++++++

warning: function `ISR_resched` should have a snake case name
  --> src/arch/x86_64/ipi.rs:21:27
   |
21 | extern "x86-interrupt" fn ISR_resched(_sf: x86_64::structures::idt::InterruptStackFrame) {
   |                           ^^^^^^^^^^^ help: convert the identifier to snake case: `isr_resched`
   |
   = note: `#[warn(non_snake_case)]` on by default

warning: function `ISR_tlb` should have a snake case name
  --> src/arch/x86_64/ipi.rs:33:27
   |
33 | extern "x86-interrupt" fn ISR_tlb(_sf: x86_64::structures::idt::InterruptStackFrame) {
   |                           ^^^^^^^ help: convert the identifier to snake case: `isr_tlb`

warning: creating a shared reference to mutable static
   --> src/kernel/xcpu_mbox.rs:104:15
    |
104 |     unsafe { &MBOXES.get_unchecked(cpu).assume_init_ref().0 }
    |               ^^^^^^^^^^^^^^^^^^^^^^^^^ shared reference to mutable static
    |
    = note: for more information, see <https://doc.rust-lang.org/edition-guide/rust-2024/static-mut-references.html>
    = note: shared references to mutable statics are dangerous; it's undefined behavior if the static is mutated or if a mutable reference is created for it while the shared reference lives

warning: creating a mutable reference to mutable static
  --> src/kernel/syscall.rs:91:21
   |
91 |         for slot in SYSCALL_TABLE.iter_mut() {
   |                     ^^^^^^^^^^^^^^^^^^^^^^^^ mutable reference to mutable static
   |
   = note: for more information, see <https://doc.rust-lang.org/edition-guide/rust-2024/static-mut-references.html>
   = note: mutable references to mutable statics are dangerous; it's undefined behavior if any other pointer to the static is used or if any other reference is created for the static while the mutable reference lives

warning: creating a shared reference to mutable static
   --> src/kernel/syscall.rs:151:32
    |
151 |         if let Some(handler) = SYSCALL_TABLE.get(num as usize).and_then(|h| *h) {
    |                                ^^^^^^^^^^^^^^^^^^^^^^^^^^^^^^^ shared reference to mutable static
    |
    = note: for more information, see <https://doc.rust-lang.org/edition-guide/rust-2024/static-mut-references.html>
    = note: shared references to mutable statics are dangerous; it's undefined behavior if the static is mutated or if a mutable reference is created for it while the shared reference lives

warning: creating a shared reference to mutable static
   --> src/kernel/syscall.rs:204:18
    |
204 |         if idx < SYSCALL_TABLE.len() {
    |                  ^^^^^^^^^^^^^^^^^^^ shared reference to mutable static
    |
    = note: for more information, see <https://doc.rust-lang.org/edition-guide/rust-2024/static-mut-references.html>
    = note: shared references to mutable statics are dangerous; it's undefined behavior if the static is mutated or if a mutable reference is created for it while the shared reference lives

warning: hiding a lifetime that's elided elsewhere is confusing
  --> src/kernel/task_table.rs:15:17
   |
15 |     pub fn lock(&self) -> spin::MutexGuard<Task> {
   |                 ^^^^^     ---------------------- the same lifetime is hidden here
   |                 |
   |                 the lifetime is elided here
   |
   = help: the same lifetime is referred to in inconsistent ways, making the signature confusing
   = note: `#[warn(mismatched_lifetime_syntaxes)]` on by default
help: use `'_` for type paths
   |
15 |     pub fn lock(&self) -> spin::MutexGuard<'_, Task> {
   |                                            +++

warning: hiding a lifetime that's elided elsewhere is confusing
  --> src/kernel/task_table.rs:19:33
   |
19 |     pub fn try_lock_for_enqueue(&self) -> Option<spin::MutexGuard<Task>> {
   |                                 ^^^^^            ---------------------- the same lifetime is hidden here
   |                                 |
   |                                 the lifetime is elided here
   |
   = help: the same lifetime is referred to in inconsistent ways, making the signature confusing
help: use `'_` for type paths
   |
19 |     pub fn try_lock_for_enqueue(&self) -> Option<spin::MutexGuard<'_, Task>> {
   |                                                                   +++

warning: creating a shared reference to mutable static
   --> src/kernel/vfio.rs:226:21
    |
226 |         for i in 0..HANDLE_STATES.len() {
    |                     ^^^^^^^^^^^^^^^^^^^ shared reference to mutable static
    |
    = note: for more information, see <https://doc.rust-lang.org/edition-guide/rust-2024/static-mut-references.html>
    = note: shared references to mutable statics are dangerous; it's undefined behavior if the static is mutated or if a mutable reference is created for it while the shared reference lives

warning: `sis_kernel` (bin "sis_kernel") generated 321 warnings
warning: sis_kernel@0.1.0: boot.rs: kernel ELF not found, skipping image creation
error: could not compile `sis_kernel` (bin "sis_kernel") due to 5 previous errors; 321 warnings emitted
