   Compiling sis_kernel v0.1.0 (/home/apple/sis-kernel)
warning: sis_kernel@0.1.0: boot.rs: kernel ELF not found, skipping image creation
error[E0425]: cannot find function `syscall_msi_trigger_e1000` in module `vfio`
   --> src/userland/selftest_vfio.rs:66:18
    |
 66 |         if vfio::syscall_msi_trigger_e1000(h_val).is_err() {
    |                  ^^^^^^^^^^^^^^^^^^^^^^^^^ help: a function with a similar name exists: `syscall_msi_trigger_e1000_new`
    |
   ::: src/kernel/vfio.rs:810:1
    |
810 | pub fn syscall_msi_trigger_e1000_new(h: VfioHandle) -> i32 {
    | ---------------------------------------------------------- similarly named function `syscall_msi_trigger_e1000_new` defined here
    |
note: found an item that was configured out
   --> src/kernel/vfio.rs:682:8
    |
681 | #[cfg(feature = "vfio")]
    |       ---------------- the item is gated behind the `vfio` feature
682 | pub fn syscall_msi_trigger_e1000(handle_val: u16) -> Result<(), VfioError> {
    |        ^^^^^^^^^^^^^^^^^^^^^^^^^

error[E0425]: cannot find function `syscall_msi_trigger_e1000` in module `vfio`
   --> src/userland/selftest_vfio.rs:83:19
    |
 83 |     let _ = vfio::syscall_msi_trigger_e1000(h_val);
    |                   ^^^^^^^^^^^^^^^^^^^^^^^^^ help: a function with a similar name exists: `syscall_msi_trigger_e1000_new`
    |
   ::: src/kernel/vfio.rs:810:1
    |
810 | pub fn syscall_msi_trigger_e1000_new(h: VfioHandle) -> i32 {
    | ---------------------------------------------------------- similarly named function `syscall_msi_trigger_e1000_new` defined here
    |
note: found an item that was configured out
   --> src/kernel/vfio.rs:682:8
    |
681 | #[cfg(feature = "vfio")]
    |       ---------------- the item is gated behind the `vfio` feature
682 | pub fn syscall_msi_trigger_e1000(handle_val: u16) -> Result<(), VfioError> {
    |        ^^^^^^^^^^^^^^^^^^^^^^^^^

warning: unused imports: `AtomicU32` and `Ordering`
  --> src/arch/x86_64/idt.rs:19:26
   |
19 | use core::sync::atomic::{AtomicU32, Ordering};
   |                          ^^^^^^^^^  ^^^^^^^^
   |
   = note: `#[warn(unused_imports)]` on by default

warning: unexpected `cfg` condition name: `selftest_RING3`
   --> src/arch/x86_64/idt.rs:504:45
    |
504 |         #[cfg(all(feature = "idt-selftest", selftest_RING3))]
    |                                             ^^^^^^^^^^^^^^
    |
    = help: expected names are: `docsrs`, `feature`, and `test` and 31 more
    = help: consider using a Cargo feature instead
    = help: or consider adding in `Cargo.toml` the `check-cfg` lint config for the lint:
             [lints.rust]
             unexpected_cfgs = { level = "warn", check-cfg = ['cfg(selftest_RING3)'] }
    = help: or consider adding `println!("cargo::rustc-check-cfg=cfg(selftest_RING3)");` to the top of the `build.rs`
    = note: see <https://doc.rust-lang.org/nightly/rustc/check-cfg/cargo-specifics.html> for more information about checking conditional configuration
    = note: `#[warn(unexpected_cfgs)]` on by default

warning: unexpected `cfg` condition name: `selftest_SYSCALL`
   --> src/arch/x86_64/idt.rs:511:45
    |
511 |         #[cfg(all(feature = "idt-selftest", selftest_SYSCALL))]
    |                                             ^^^^^^^^^^^^^^^^
    |
    = help: consider using a Cargo feature instead
    = help: or consider adding in `Cargo.toml` the `check-cfg` lint config for the lint:
             [lints.rust]
             unexpected_cfgs = { level = "warn", check-cfg = ['cfg(selftest_SYSCALL)'] }
    = help: or consider adding `println!("cargo::rustc-check-cfg=cfg(selftest_SYSCALL)");` to the top of the `build.rs`
    = note: see <https://doc.rust-lang.org/nightly/rustc/check-cfg/cargo-specifics.html> for more information about checking conditional configuration

warning: unexpected `cfg` condition name: `selftest_RING3`
   --> src/arch/x86_64/idt.rs:516:45
    |
516 |         #[cfg(all(feature = "idt-selftest", selftest_RING3))]
    |                                             ^^^^^^^^^^^^^^
    |
    = help: consider using a Cargo feature instead
    = help: or consider adding in `Cargo.toml` the `check-cfg` lint config for the lint:
             [lints.rust]
             unexpected_cfgs = { level = "warn", check-cfg = ['cfg(selftest_RING3)'] }
    = help: or consider adding `println!("cargo::rustc-check-cfg=cfg(selftest_RING3)");` to the top of the `build.rs`
    = note: see <https://doc.rust-lang.org/nightly/rustc/check-cfg/cargo-specifics.html> for more information about checking conditional configuration

warning: unexpected `cfg` condition name: `selftest_RING3_RT`
   --> src/arch/x86_64/idt.rs:533:41
    |
533 |     #[cfg(all(feature = "idt-selftest", selftest_RING3_RT))]
    |                                         ^^^^^^^^^^^^^^^^^
    |
    = help: consider using a Cargo feature instead
    = help: or consider adding in `Cargo.toml` the `check-cfg` lint config for the lint:
             [lints.rust]
             unexpected_cfgs = { level = "warn", check-cfg = ['cfg(selftest_RING3_RT)'] }
    = help: or consider adding `println!("cargo::rustc-check-cfg=cfg(selftest_RING3_RT)");` to the top of the `build.rs`
    = note: see <https://doc.rust-lang.org/nightly/rustc/check-cfg/cargo-specifics.html> for more information about checking conditional configuration

warning: unused import: `PhysAddr`
 --> src/arch/x86_64/memory.rs:5:15
  |
5 |     VirtAddr, PhysAddr,
  |               ^^^^^^^^

warning: unused import: `core::ptr::NonNull`
  --> src/arch/x86_64/memory.rs:14:5
   |
14 | use core::ptr::NonNull;
   |     ^^^^^^^^^^^^^^^^^^

warning: unused import: `core::arch::asm`
  --> src/arch/x86_64/context_switch.rs:12:5
   |
12 | use core::arch::asm;
   |     ^^^^^^^^^^^^^^^

warning: unused import: `alloc::vec::Vec`
 --> src/kernel/task.rs:9:5
  |
9 | use alloc::vec::Vec;
  |     ^^^^^^^^^^^^^^^

warning: unused import: `core::ptr::NonNull`
  --> src/kernel/task.rs:10:5
   |
10 | use core::ptr::NonNull;
   |     ^^^^^^^^^^^^^^^^^^

warning: unexpected `cfg` condition name: `selftest_TIMER`
  --> src/kernel/scheduler.rs:16:37
   |
16 | #[cfg(all(feature = "idt-selftest", selftest_TIMER))]
   |                                     ^^^^^^^^^^^^^^
   |
   = help: consider using a Cargo feature instead
   = help: or consider adding in `Cargo.toml` the `check-cfg` lint config for the lint:
            [lints.rust]
            unexpected_cfgs = { level = "warn", check-cfg = ['cfg(selftest_TIMER)'] }
   = help: or consider adding `println!("cargo::rustc-check-cfg=cfg(selftest_TIMER)");` to the top of the `build.rs`
   = note: see <https://doc.rust-lang.org/nightly/rustc/check-cfg/cargo-specifics.html> for more information about checking conditional configuration

warning: unexpected `cfg` condition name: `selftest_LAPIC_TIMER`
  --> src/kernel/scheduler.rs:19:37
   |
19 | #[cfg(all(feature = "idt-selftest", selftest_LAPIC_TIMER))]
   |                                     ^^^^^^^^^^^^^^^^^^^^
   |
   = help: consider using a Cargo feature instead
   = help: or consider adding in `Cargo.toml` the `check-cfg` lint config for the lint:
            [lints.rust]
            unexpected_cfgs = { level = "warn", check-cfg = ['cfg(selftest_LAPIC_TIMER)'] }
   = help: or consider adding `println!("cargo::rustc-check-cfg=cfg(selftest_LAPIC_TIMER)");` to the top of the `build.rs`
   = note: see <https://doc.rust-lang.org/nightly/rustc/check-cfg/cargo-specifics.html> for more information about checking conditional configuration

warning: unused import: `alloc::vec::Vec`
  --> src/kernel/scheduler.rs:10:5
   |
10 | use alloc::vec::Vec;
   |     ^^^^^^^^^^^^^^^

warning: unused imports: `AtomicU64` and `Ordering`
  --> src/kernel/scheduler.rs:11:26
   |
11 | use core::sync::atomic::{AtomicU64, Ordering};
   |                          ^^^^^^^^^  ^^^^^^^^

warning: unused imports: `BlockReason`, `Role`, and `State`
  --> src/kernel/scheduler.rs:13:42
   |
13 | use crate::kernel::{serial, task::{Task, State, Role, BlockReason}};
   |                                          ^^^^^  ^^^^  ^^^^^^^^^^^

warning: unexpected `cfg` condition name: `selftest_TIMER`
   --> src/kernel/scheduler.rs:294:41
    |
294 |     #[cfg(all(feature = "idt-selftest", selftest_TIMER))]
    |                                         ^^^^^^^^^^^^^^
    |
    = help: consider using a Cargo feature instead
    = help: or consider adding in `Cargo.toml` the `check-cfg` lint config for the lint:
             [lints.rust]
             unexpected_cfgs = { level = "warn", check-cfg = ['cfg(selftest_TIMER)'] }
    = help: or consider adding `println!("cargo::rustc-check-cfg=cfg(selftest_TIMER)");` to the top of the `build.rs`
    = note: see <https://doc.rust-lang.org/nightly/rustc/check-cfg/cargo-specifics.html> for more information about checking conditional configuration

warning: unexpected `cfg` condition name: `selftest_LAPIC_TIMER`
   --> src/kernel/scheduler.rs:303:41
    |
303 |     #[cfg(all(feature = "idt-selftest", selftest_LAPIC_TIMER))]
    |                                         ^^^^^^^^^^^^^^^^^^^^
    |
    = help: consider using a Cargo feature instead
    = help: or consider adding in `Cargo.toml` the `check-cfg` lint config for the lint:
             [lints.rust]
             unexpected_cfgs = { level = "warn", check-cfg = ['cfg(selftest_LAPIC_TIMER)'] }
    = help: or consider adding `println!("cargo::rustc-check-cfg=cfg(selftest_LAPIC_TIMER)");` to the top of the `build.rs`
    = note: see <https://doc.rust-lang.org/nightly/rustc/check-cfg/cargo-specifics.html> for more information about checking conditional configuration

warning: unused import: `scheduler`
 --> src/kernel/syscall.rs:9:29
  |
9 | use crate::kernel::{serial, scheduler};
  |                             ^^^^^^^^^

warning: unused import: `alloc::vec::Vec`
  --> src/kernel/syscall.rs:14:5
   |
14 | use alloc::vec::Vec;
   |     ^^^^^^^^^^^^^^^

warning: unexpected `cfg` condition name: `selftest_RING3_RT`
   --> src/kernel/syscall.rs:198:45
    |
198 |         #[cfg(all(feature = "idt-selftest", selftest_RING3_RT))]
    |                                             ^^^^^^^^^^^^^^^^^
    |
    = help: consider using a Cargo feature instead
    = help: or consider adding in `Cargo.toml` the `check-cfg` lint config for the lint:
             [lints.rust]
             unexpected_cfgs = { level = "warn", check-cfg = ['cfg(selftest_RING3_RT)'] }
    = help: or consider adding `println!("cargo::rustc-check-cfg=cfg(selftest_RING3_RT)");` to the top of the `build.rs`
    = note: see <https://doc.rust-lang.org/nightly/rustc/check-cfg/cargo-specifics.html> for more information about checking conditional configuration

warning: unnecessary parentheses around assigned value
   --> src/kernel/syscall.rs:713:21
    |
713 |         let start = (path_ptr as *const u8);
    |                     ^                     ^
    |
    = note: `#[warn(unused_parens)]` on by default
help: remove these parentheses
    |
713 -         let start = (path_ptr as *const u8);
713 +         let start = path_ptr as *const u8;
    |

warning: unused import: `write_hex32`
 --> src/kernel/pci.rs:8:35
  |
8 | use crate::kernel::serial::{self, write_hex32};
  |                                   ^^^^^^^^^^^

warning: unused import: `core::fmt::Write`
  --> src/kernel/pci.rs:10:5
   |
10 | use core::fmt::Write;
   |     ^^^^^^^^^^^^^^^^

warning: unexpected `cfg` condition value: `thread-affinity`
 --> src/kernel/affinity.rs:8:7
  |
8 | #[cfg(feature = "thread-affinity")]
  |       ^^^^^^^^^^^^^^^^^^^^^^^^^^^
  |
  = note: expected values for `feature` are: `affinity`, `apic`, `default`, `firewall`, `idt-selftest`, `iommu`, `ipc`, `per-task-mm`, `pf-matrix`, `qemu-intel-iommu-sim`, `scheduler`, `smp`, `userland`, and `vfio`
  = help: consider adding `thread-affinity` as a feature in `Cargo.toml`
  = note: see <https://doc.rust-lang.org/nightly/rustc/check-cfg/cargo-specifics.html> for more information about checking conditional configuration

warning: unexpected `cfg` condition value: `thread-affinity`
  --> src/kernel/affinity.rs:14:11
   |
14 | #[cfg(not(feature = "thread-affinity"))]
   |           ^^^^^^^^^^^^^^^^^^^^^^^^^^^
   |
   = note: expected values for `feature` are: `affinity`, `apic`, `default`, `firewall`, `idt-selftest`, `iommu`, `ipc`, `per-task-mm`, `pf-matrix`, `qemu-intel-iommu-sim`, `scheduler`, `smp`, `userland`, and `vfio`
   = help: consider adding `thread-affinity` as a feature in `Cargo.toml`
   = note: see <https://doc.rust-lang.org/nightly/rustc/check-cfg/cargo-specifics.html> for more information about checking conditional configuration

warning: unexpected `cfg` condition name: `selftest_IPC_XCPU_PING`
 --> src/selftest/mod.rs:6:7
  |
6 | #[cfg(selftest_IPC_XCPU_PING)]
  |       ^^^^^^^^^^^^^^^^^^^^^^
  |
  = help: consider using a Cargo feature instead
  = help: or consider adding in `Cargo.toml` the `check-cfg` lint config for the lint:
           [lints.rust]
           unexpected_cfgs = { level = "warn", check-cfg = ['cfg(selftest_IPC_XCPU_PING)'] }
  = help: or consider adding `println!("cargo::rustc-check-cfg=cfg(selftest_IPC_XCPU_PING)");` to the top of the `build.rs`
  = note: see <https://doc.rust-lang.org/nightly/rustc/check-cfg/cargo-specifics.html> for more information about checking conditional configuration

warning: unused import: `core::cmp::min`
 --> src/userland/initfs.rs:4:5
  |
4 | use core::cmp::min;
  |     ^^^^^^^^^^^^^^

warning: unused import: `self`
 --> src/userland/vfs.rs:4:21
  |
4 | use super::elfsec::{self, validate_elf64};
  |                     ^^^^

warning: unused import: `core::ptr`
 --> src/userland/selftest_usr.rs:6:5
  |
6 | use core::ptr;
  |     ^^^^^^^^^

warning: unexpected `cfg` condition name: `selftest_USR_INIT`
   --> src/userland/selftest_usr.rs:127:11
    |
127 |     #[cfg(selftest_USR_INIT)]
    |           ^^^^^^^^^^^^^^^^^
    |
    = help: consider using a Cargo feature instead
    = help: or consider adding in `Cargo.toml` the `check-cfg` lint config for the lint:
             [lints.rust]
             unexpected_cfgs = { level = "warn", check-cfg = ['cfg(selftest_USR_INIT)'] }
    = help: or consider adding `println!("cargo::rustc-check-cfg=cfg(selftest_USR_INIT)");` to the top of the `build.rs`
    = note: see <https://doc.rust-lang.org/nightly/rustc/check-cfg/cargo-specifics.html> for more information about checking conditional configuration

warning: unexpected `cfg` condition name: `selftest_USR_SPAWN_TWO`
   --> src/userland/selftest_usr.rs:129:11
    |
129 |     #[cfg(selftest_USR_SPAWN_TWO)]
    |           ^^^^^^^^^^^^^^^^^^^^^^
    |
    = help: consider using a Cargo feature instead
    = help: or consider adding in `Cargo.toml` the `check-cfg` lint config for the lint:
             [lints.rust]
             unexpected_cfgs = { level = "warn", check-cfg = ['cfg(selftest_USR_SPAWN_TWO)'] }
    = help: or consider adding `println!("cargo::rustc-check-cfg=cfg(selftest_USR_SPAWN_TWO)");` to the top of the `build.rs`
    = note: see <https://doc.rust-lang.org/nightly/rustc/check-cfg/cargo-specifics.html> for more information about checking conditional configuration

warning: unexpected `cfg` condition name: `selftest_USR_ELF_EDGES`
   --> src/userland/selftest_usr.rs:131:11
    |
131 |     #[cfg(selftest_USR_ELF_EDGES)]
    |           ^^^^^^^^^^^^^^^^^^^^^^
    |
    = help: consider using a Cargo feature instead
    = help: or consider adding in `Cargo.toml` the `check-cfg` lint config for the lint:
             [lints.rust]
             unexpected_cfgs = { level = "warn", check-cfg = ['cfg(selftest_USR_ELF_EDGES)'] }
    = help: or consider adding `println!("cargo::rustc-check-cfg=cfg(selftest_USR_ELF_EDGES)");` to the top of the `build.rs`
    = note: see <https://doc.rust-lang.org/nightly/rustc/check-cfg/cargo-specifics.html> for more information about checking conditional configuration

warning: unexpected `cfg` condition name: `selftest_USR_VFS_NEG`
   --> src/userland/selftest_usr.rs:133:11
    |
133 |     #[cfg(selftest_USR_VFS_NEG)]
    |           ^^^^^^^^^^^^^^^^^^^^
    |
    = help: consider using a Cargo feature instead
    = help: or consider adding in `Cargo.toml` the `check-cfg` lint config for the lint:
             [lints.rust]
             unexpected_cfgs = { level = "warn", check-cfg = ['cfg(selftest_USR_VFS_NEG)'] }
    = help: or consider adding `println!("cargo::rustc-check-cfg=cfg(selftest_USR_VFS_NEG)");` to the top of the `build.rs`
    = note: see <https://doc.rust-lang.org/nightly/rustc/check-cfg/cargo-specifics.html> for more information about checking conditional configuration

warning: unused import: `syscall`
  --> src/userland/selftest_vfio.rs:12:29
   |
12 | use crate::kernel::{serial, syscall, vfio};
   |                             ^^^^^^^

warning: unused import: `Ordering`
  --> src/userland/selftest_vfio.rs:14:38
   |
14 | use core::sync::atomic::{AtomicBool, Ordering};
   |                                      ^^^^^^^^

warning: unused import: `core::fmt::Write`
  --> src/userland/selftest_vfio.rs:15:5
   |
15 | use core::fmt::Write;
   |     ^^^^^^^^^^^^^^^^

warning: unexpected `cfg` condition name: `selftest_VFIO_MSI_SMOKE`
  --> src/userland/selftest_vfio.rs:23:11
   |
23 |     #[cfg(selftest_VFIO_MSI_SMOKE)]
   |           ^^^^^^^^^^^^^^^^^^^^^^^
   |
   = help: consider using a Cargo feature instead
   = help: or consider adding in `Cargo.toml` the `check-cfg` lint config for the lint:
            [lints.rust]
            unexpected_cfgs = { level = "warn", check-cfg = ['cfg(selftest_VFIO_MSI_SMOKE)'] }
   = help: or consider adding `println!("cargo::rustc-check-cfg=cfg(selftest_VFIO_MSI_SMOKE)");` to the top of the `build.rs`
   = note: see <https://doc.rust-lang.org/nightly/rustc/check-cfg/cargo-specifics.html> for more information about checking conditional configuration

warning: unexpected `cfg` condition name: `selftest_VFIO_MSI_SOAK`
  --> src/userland/selftest_vfio.rs:25:11
   |
25 |     #[cfg(selftest_VFIO_MSI_SOAK)]
   |           ^^^^^^^^^^^^^^^^^^^^^^
   |
   = help: consider using a Cargo feature instead
   = help: or consider adding in `Cargo.toml` the `check-cfg` lint config for the lint:
            [lints.rust]
            unexpected_cfgs = { level = "warn", check-cfg = ['cfg(selftest_VFIO_MSI_SOAK)'] }
   = help: or consider adding `println!("cargo::rustc-check-cfg=cfg(selftest_VFIO_MSI_SOAK)");` to the top of the `build.rs`
   = note: see <https://doc.rust-lang.org/nightly/rustc/check-cfg/cargo-specifics.html> for more information about checking conditional configuration

warning: unexpected `cfg` condition name: `selftest_VFIO_MSI_SMOKE`
   --> src/main.rs:154:15
    |
154 |         #[cfg(selftest_VFIO_MSI_SMOKE)]
    |               ^^^^^^^^^^^^^^^^^^^^^^^
    |
    = help: consider using a Cargo feature instead
    = help: or consider adding in `Cargo.toml` the `check-cfg` lint config for the lint:
             [lints.rust]
             unexpected_cfgs = { level = "warn", check-cfg = ['cfg(selftest_VFIO_MSI_SMOKE)'] }
    = help: or consider adding `println!("cargo::rustc-check-cfg=cfg(selftest_VFIO_MSI_SMOKE)");` to the top of the `build.rs`
    = note: see <https://doc.rust-lang.org/nightly/rustc/check-cfg/cargo-specifics.html> for more information about checking conditional configuration

warning: unexpected `cfg` condition name: `selftest_VFIO_MSI_SMOKE`
   --> src/main.rs:156:19
    |
156 |         #[cfg(not(selftest_VFIO_MSI_SMOKE))]
    |                   ^^^^^^^^^^^^^^^^^^^^^^^
    |
    = help: consider using a Cargo feature instead
    = help: or consider adding in `Cargo.toml` the `check-cfg` lint config for the lint:
             [lints.rust]
             unexpected_cfgs = { level = "warn", check-cfg = ['cfg(selftest_VFIO_MSI_SMOKE)'] }
    = help: or consider adding `println!("cargo::rustc-check-cfg=cfg(selftest_VFIO_MSI_SMOKE)");` to the top of the `build.rs`
    = note: see <https://doc.rust-lang.org/nightly/rustc/check-cfg/cargo-specifics.html> for more information about checking conditional configuration

warning: unexpected `cfg` condition name: `selftest_VFIO_MSI_SOAK`
   --> src/main.rs:158:15
    |
158 |         #[cfg(selftest_VFIO_MSI_SOAK)]
    |               ^^^^^^^^^^^^^^^^^^^^^^
    |
    = help: consider using a Cargo feature instead
    = help: or consider adding in `Cargo.toml` the `check-cfg` lint config for the lint:
             [lints.rust]
             unexpected_cfgs = { level = "warn", check-cfg = ['cfg(selftest_VFIO_MSI_SOAK)'] }
    = help: or consider adding `println!("cargo::rustc-check-cfg=cfg(selftest_VFIO_MSI_SOAK)");` to the top of the `build.rs`
    = note: see <https://doc.rust-lang.org/nightly/rustc/check-cfg/cargo-specifics.html> for more information about checking conditional configuration

warning: unexpected `cfg` condition name: `selftest_SMP_ONLINE`
   --> src/main.rs:199:80
    |
199 |         #[cfg(all(feature = "smp", feature = "apic", feature = "idt-selftest", selftest_SMP_ONLINE))]
    |                                                                                ^^^^^^^^^^^^^^^^^^^
    |
    = help: consider using a Cargo feature instead
    = help: or consider adding in `Cargo.toml` the `check-cfg` lint config for the lint:
             [lints.rust]
             unexpected_cfgs = { level = "warn", check-cfg = ['cfg(selftest_SMP_ONLINE)'] }
    = help: or consider adding `println!("cargo::rustc-check-cfg=cfg(selftest_SMP_ONLINE)");` to the top of the `build.rs`
    = note: see <https://doc.rust-lang.org/nightly/rustc/check-cfg/cargo-specifics.html> for more information about checking conditional configuration

warning: unexpected `cfg` condition name: `selftest_SCHED_SMP_FAIR`
   --> src/main.rs:217:62
    |
217 |         #[cfg(all(feature = "smp", feature = "idt-selftest", selftest_SCHED_SMP_FAIR))]
    |                                                              ^^^^^^^^^^^^^^^^^^^^^^^
    |
    = help: consider using a Cargo feature instead
    = help: or consider adding in `Cargo.toml` the `check-cfg` lint config for the lint:
             [lints.rust]
             unexpected_cfgs = { level = "warn", check-cfg = ['cfg(selftest_SCHED_SMP_FAIR)'] }
    = help: or consider adding `println!("cargo::rustc-check-cfg=cfg(selftest_SCHED_SMP_FAIR)");` to the top of the `build.rs`
    = note: see <https://doc.rust-lang.org/nightly/rustc/check-cfg/cargo-specifics.html> for more information about checking conditional configuration

warning: unexpected `cfg` condition name: `selftest_IPC_XCPU_PING`
   --> src/main.rs:235:36
    |
235 |         #[cfg(all(feature = "smp", selftest_IPC_XCPU_PING))]
    |                                    ^^^^^^^^^^^^^^^^^^^^^^
    |
    = help: consider using a Cargo feature instead
    = help: or consider adding in `Cargo.toml` the `check-cfg` lint config for the lint:
             [lints.rust]
             unexpected_cfgs = { level = "warn", check-cfg = ['cfg(selftest_IPC_XCPU_PING)'] }
    = help: or consider adding `println!("cargo::rustc-check-cfg=cfg(selftest_IPC_XCPU_PING)");` to the top of the `build.rs`
    = note: see <https://doc.rust-lang.org/nightly/rustc/check-cfg/cargo-specifics.html> for more information about checking conditional configuration

warning: unexpected `cfg` condition name: `selftest_TLB_SHOOTDOWN`
   --> src/main.rs:242:80
    |
242 |         #[cfg(all(feature = "smp", feature = "apic", feature = "idt-selftest", selftest_TLB_SHOOTDOWN))]
    |                                                                                ^^^^^^^^^^^^^^^^^^^^^^
    |
    = help: consider using a Cargo feature instead
    = help: or consider adding in `Cargo.toml` the `check-cfg` lint config for the lint:
             [lints.rust]
             unexpected_cfgs = { level = "warn", check-cfg = ['cfg(selftest_TLB_SHOOTDOWN)'] }
    = help: or consider adding `println!("cargo::rustc-check-cfg=cfg(selftest_TLB_SHOOTDOWN)");` to the top of the `build.rs`
    = note: see <https://doc.rust-lang.org/nightly/rustc/check-cfg/cargo-specifics.html> for more information about checking conditional configuration

warning: unexpected `cfg` condition name: `selftest_SMP_AFFINITY`
   --> src/main.rs:260:81
    |
260 |         #[cfg(all(feature = "affinity", feature = "smp", feature = "scheduler", selftest_SMP_AFFINITY))]
    |                                                                                 ^^^^^^^^^^^^^^^^^^^^^
    |
    = help: consider using a Cargo feature instead
    = help: or consider adding in `Cargo.toml` the `check-cfg` lint config for the lint:
             [lints.rust]
             unexpected_cfgs = { level = "warn", check-cfg = ['cfg(selftest_SMP_AFFINITY)'] }
    = help: or consider adding `println!("cargo::rustc-check-cfg=cfg(selftest_SMP_AFFINITY)");` to the top of the `build.rs`
    = note: see <https://doc.rust-lang.org/nightly/rustc/check-cfg/cargo-specifics.html> for more information about checking conditional configuration

warning: unexpected `cfg` condition name: `selftest_VFIO_BIND_E1000`
   --> src/main.rs:267:37
    |
267 |         #[cfg(all(feature = "vfio", selftest_VFIO_BIND_E1000))]
    |                                     ^^^^^^^^^^^^^^^^^^^^^^^^
    |
    = help: consider using a Cargo feature instead
    = help: or consider adding in `Cargo.toml` the `check-cfg` lint config for the lint:
             [lints.rust]
             unexpected_cfgs = { level = "warn", check-cfg = ['cfg(selftest_VFIO_BIND_E1000)'] }
    = help: or consider adding `println!("cargo::rustc-check-cfg=cfg(selftest_VFIO_BIND_E1000)");` to the top of the `build.rs`
    = note: see <https://doc.rust-lang.org/nightly/rustc/check-cfg/cargo-specifics.html> for more information about checking conditional configuration

warning: unexpected `cfg` condition name: `selftest_VFIO_MSI_SMOKE`
   --> src/main.rs:296:63
    |
296 |         #[cfg(all(feature = "vfio", feature = "idt-selftest", selftest_VFIO_MSI_SMOKE))]
    |                                                               ^^^^^^^^^^^^^^^^^^^^^^^
    |
    = help: consider using a Cargo feature instead
    = help: or consider adding in `Cargo.toml` the `check-cfg` lint config for the lint:
             [lints.rust]
             unexpected_cfgs = { level = "warn", check-cfg = ['cfg(selftest_VFIO_MSI_SMOKE)'] }
    = help: or consider adding `println!("cargo::rustc-check-cfg=cfg(selftest_VFIO_MSI_SMOKE)");` to the top of the `build.rs`
    = note: see <https://doc.rust-lang.org/nightly/rustc/check-cfg/cargo-specifics.html> for more information about checking conditional configuration

warning: unexpected `cfg` condition name: `selftest_VFIO_MSI_SOAK`
   --> src/main.rs:322:63
    |
322 |         #[cfg(all(feature = "vfio", feature = "idt-selftest", selftest_VFIO_MSI_SOAK))]
    |                                                               ^^^^^^^^^^^^^^^^^^^^^^
    |
    = help: consider using a Cargo feature instead
    = help: or consider adding in `Cargo.toml` the `check-cfg` lint config for the lint:
             [lints.rust]
             unexpected_cfgs = { level = "warn", check-cfg = ['cfg(selftest_VFIO_MSI_SOAK)'] }
    = help: or consider adding `println!("cargo::rustc-check-cfg=cfg(selftest_VFIO_MSI_SOAK)");` to the top of the `build.rs`
    = note: see <https://doc.rust-lang.org/nightly/rustc/check-cfg/cargo-specifics.html> for more information about checking conditional configuration

warning: use of deprecated function `x86_64::instructions::segmentation::set_cs`: use `CS::set_reg()` instead
  --> src/arch/x86_64/gdt.rs:61:9
   |
61 |         set_cs(GDT.1.code_ring0);
   |         ^^^^^^
   |
   = note: `#[warn(deprecated)]` on by default

warning: use of deprecated function `x86_64::instructions::segmentation::set_cs`: use `CS::set_reg()` instead
  --> src/arch/x86_64/gdt.rs:56:45
   |
56 |     use x86_64::instructions::segmentation::set_cs;
   |                                             ^^^^^^

warning: use of deprecated function `x86_64::instructions::segmentation::cs`: use `CS::get_reg()` instead
   --> src/arch/x86_64/idt.rs:499:28
    |
499 |     let cs = segmentation::cs();
    |                            ^^

warning: unused import: `core::fmt::Write`
 --> src/kernel/vfio.rs:8:5
  |
8 | use core::fmt::Write;
  |     ^^^^^^^^^^^^^^^^

warning: unused variable: `fault_addr`
   --> src/arch/x86_64/idt.rs:392:9
    |
392 |     let fault_addr = Cr2::read();
    |         ^^^^^^^^^^ help: if this is intentional, prefix it with an underscore: `_fault_addr`
    |
    = note: `#[warn(unused_variables)]` on by default

warning: unused variable: `error_code`
   --> src/arch/x86_64/idt.rs:389:5
    |
389 |     error_code: PageFaultErrorCode
    |     ^^^^^^^^^^ help: if this is intentional, prefix it with an underscore: `_error_code`

warning: unused variable: `stack_frame`
   --> src/arch/x86_64/idt.rs:495:5
    |
495 |     stack_frame: InterruptStackFrame
    |     ^^^^^^^^^^^ help: if this is intentional, prefix it with an underscore: `_stack_frame`

warning: unnecessary `unsafe` block
   --> src/kernel/serial.rs:143:5
    |
143 |     unsafe { write_buf(&buf[i..]); }
    |     ^^^^^^ unnecessary `unsafe` block
    |
    = note: `#[warn(unused_unsafe)]` on by default

warning: unused variable: `code`
   --> src/kernel/syscall.rs:242:13
    |
242 | fn sys_exit(code: u64, _a: u64, _b: u64, _c: u64, _d: u64, _e: u64) {
    |             ^^^^ help: if this is intentional, prefix it with an underscore: `_code`

warning: value assigned to `technical` is never read
   --> src/kernel/syscall.rs:258:13
    |
258 |     let mut technical = false;
    |             ^^^^^^^^^
    |
    = help: maybe it is overwritten before being read?
    = note: `#[warn(unused_assignments)]` on by default

warning: unused variable: `directive`
   --> src/kernel/syscall.rs:373:13
    |
373 |         let directive = match core::str::from_utf8(directive_slice) {
    |             ^^^^^^^^^ help: if this is intentional, prefix it with an underscore: `_directive`

warning: unused variable: `plan_slice`
   --> src/kernel/syscall.rs:443:13
    |
443 |         let plan_slice = core::slice::from_raw_parts(plan_ptr as *const u8, plan_len as usize);
    |             ^^^^^^^^^^ help: if this is intentional, prefix it with an underscore: `_plan_slice`

warning: unused variable: `e`
   --> src/kernel/pci.rs:249:13
    |
249 |         Err(e) => serial::write_str("[PCI] VFIO not available, running without passthrough\n"),
    |             ^ help: if this is intentional, prefix it with an underscore: `_e`

warning: unused variable: `task_guard`
  --> src/kernel/spawn.rs:59:9
   |
59 |     let task_guard = task_ref.lock();
   |         ^^^^^^^^^^ help: if this is intentional, prefix it with an underscore: `_task_guard`

warning: unused variable: `h`
  --> src/kernel/vfio.rs:89:61
   |
89 | fn get_state_mut(table: &mut [Option<VfioHandleState>; 16], h: VfioHandle) -> Option<&mut VfioHandleState> {
   |                                                             ^ help: if this is intentional, prefix it with an underscore: `_h`

warning: unused variable: `h`
   --> src/kernel/vfio.rs:100:53
    |
100 | fn get_state(table: &[Option<VfioHandleState>; 16], h: VfioHandle) -> Option<&VfioHandleState> {
    |                                                     ^ help: if this is intentional, prefix it with an underscore: `_h`

warning: unused variable: `bus`
   --> src/kernel/vfio.rs:156:19
    |
156 | pub fn map_device(bus: u8, dev: u8, func: u8) -> Result<VfioHandle, VfioError> {
    |                   ^^^ help: if this is intentional, prefix it with an underscore: `_bus`

warning: unused variable: `dev`
   --> src/kernel/vfio.rs:156:28
    |
156 | pub fn map_device(bus: u8, dev: u8, func: u8) -> Result<VfioHandle, VfioError> {
    |                            ^^^ help: if this is intentional, prefix it with an underscore: `_dev`

warning: unused variable: `func`
   --> src/kernel/vfio.rs:156:37
    |
156 | pub fn map_device(bus: u8, dev: u8, func: u8) -> Result<VfioHandle, VfioError> {
    |                                     ^^^^ help: if this is intentional, prefix it with an underscore: `_func`

warning: unused variable: `handle`
   --> src/kernel/vfio.rs:193:21
    |
193 | pub fn close_handle(handle: VfioHandle) -> Result<(), VfioError> {
    |                     ^^^^^^ help: if this is intentional, prefix it with an underscore: `_handle`

warning: unused variable: `handle_val`
   --> src/kernel/vfio.rs:267:25
    |
267 | pub fn syscall_cfg_read(handle_val: u16, offset: u8) -> Result<u32, VfioError> {
    |                         ^^^^^^^^^^ help: if this is intentional, prefix it with an underscore: `_handle_val`

warning: unused variable: `offset`
   --> src/kernel/vfio.rs:267:42
    |
267 | pub fn syscall_cfg_read(handle_val: u16, offset: u8) -> Result<u32, VfioError> {
    |                                          ^^^^^^ help: if this is intentional, prefix it with an underscore: `_offset`

warning: unused variable: `handle_val`
   --> src/kernel/vfio.rs:282:26
    |
282 | pub fn syscall_cfg_write(handle_val: u16, offset: u8, value: u32) -> Result<(), VfioError> {
    |                          ^^^^^^^^^^ help: if this is intentional, prefix it with an underscore: `_handle_val`

warning: unused variable: `offset`
   --> src/kernel/vfio.rs:282:43
    |
282 | pub fn syscall_cfg_write(handle_val: u16, offset: u8, value: u32) -> Result<(), VfioError> {
    |                                           ^^^^^^ help: if this is intentional, prefix it with an underscore: `_offset`

warning: unused variable: `value`
   --> src/kernel/vfio.rs:282:55
    |
282 | pub fn syscall_cfg_write(handle_val: u16, offset: u8, value: u32) -> Result<(), VfioError> {
    |                                                       ^^^^^ help: if this is intentional, prefix it with an underscore: `_value`

warning: unused variable: `handle_val`
   --> src/kernel/vfio.rs:319:24
    |
319 | pub fn syscall_map_bar(handle_val: u16, bar_idx: u8) -> Result<u64, VfioError> {
    |                        ^^^^^^^^^^ help: if this is intentional, prefix it with an underscore: `_handle_val`

warning: unused variable: `bar_idx`
   --> src/kernel/vfio.rs:319:41
    |
319 | pub fn syscall_map_bar(handle_val: u16, bar_idx: u8) -> Result<u64, VfioError> {
    |                                         ^^^^^^^ help: if this is intentional, prefix it with an underscore: `_bar_idx`

warning: unused variable: `handle_val`
   --> src/kernel/vfio.rs:381:26
    |
381 | pub fn syscall_setup_irq(handle_val: u16, irq_num: u8) -> Result<(), VfioError> {
    |                          ^^^^^^^^^^ help: if this is intentional, prefix it with an underscore: `_handle_val`

warning: unused variable: `irq_num`
   --> src/kernel/vfio.rs:381:43
    |
381 | pub fn syscall_setup_irq(handle_val: u16, irq_num: u8) -> Result<(), VfioError> {
    |                                           ^^^^^^^ help: if this is intentional, prefix it with an underscore: `_irq_num`

warning: unused variable: `handle_val`
   --> src/kernel/vfio.rs:399:30
    |
399 | pub fn syscall_domain_create(handle_val: u16) -> Result<u16, VfioError> {
    |                              ^^^^^^^^^^ help: if this is intentional, prefix it with an underscore: `_handle_val`

warning: unused variable: `handle_val`
   --> src/kernel/vfio.rs:432:35
    |
432 | pub fn syscall_domain_map_staging(handle_val: u16, len: u32) -> Result<u64, VfioError> {
    |                                   ^^^^^^^^^^ help: if this is intentional, prefix it with an underscore: `_handle_val`

warning: unused variable: `len`
   --> src/kernel/vfio.rs:432:52
    |
432 | pub fn syscall_domain_map_staging(handle_val: u16, len: u32) -> Result<u64, VfioError> {
    |                                                    ^^^ help: if this is intentional, prefix it with an underscore: `_len`

warning: unused variable: `handle_val`
   --> src/kernel/vfio.rs:481:33
    |
481 | pub fn syscall_enable_busmaster(handle_val: u16) -> Result<(), VfioError> {
    |                                 ^^^^^^^^^^ help: if this is intentional, prefix it with an underscore: `_handle_val`

warning: unused variable: `handle_val`
   --> src/kernel/vfio.rs:526:34
    |
526 | pub fn syscall_disable_busmaster(handle_val: u16) -> Result<(), VfioError> {
    |                                  ^^^^^^^^^^ help: if this is intentional, prefix it with an underscore: `_handle_val`

warning: unused variable: `handle_val`
   --> src/kernel/vfio.rs:554:24
    |
554 | pub fn syscall_msi_arm(handle_val: u16, vector: u8) -> Result<(), VfioError> {
    |                        ^^^^^^^^^^ help: if this is intentional, prefix it with an underscore: `_handle_val`

warning: unused variable: `vector`
   --> src/kernel/vfio.rs:554:41
    |
554 | pub fn syscall_msi_arm(handle_val: u16, vector: u8) -> Result<(), VfioError> {
    |                                         ^^^^^^ help: if this is intentional, prefix it with an underscore: `_vector`

warning: unused variable: `handle_val`
   --> src/kernel/vfio.rs:607:27
    |
607 | pub fn syscall_msi_disarm(handle_val: u16) -> Result<(), VfioError> {
    |                           ^^^^^^^^^^ help: if this is intentional, prefix it with an underscore: `_handle_val`

warning: variable does not need to be mutable
   --> src/kernel/vfio.rs:736:13
    |
736 |         let mut table_lock = core::ptr::addr_of_mut!(HANDLE_STATES);
    |             ----^^^^^^^^^^
    |             |
    |             help: remove this `mut`
    |
    = note: `#[warn(unused_mut)]` on by default

warning: variable does not need to be mutable
   --> src/kernel/vfio.rs:775:13
    |
775 |         let mut table_lock = core::ptr::addr_of_mut!(HANDLE_STATES);
    |             ----^^^^^^^^^^
    |             |
    |             help: remove this `mut`

warning: unused variable: `now`
   --> src/kernel/vfio.rs:795:42
    |
795 | pub fn on_irq(h: VfioHandle, epoch: u64, now: u64) -> (u64, u64) {
    |                                          ^^^ help: if this is intentional, prefix it with an underscore: `_now`

warning: variable does not need to be mutable
   --> src/kernel/vfio.rs:812:13
    |
812 |         let mut table_lock = core::ptr::addr_of_mut!(HANDLE_STATES);
    |             ----^^^^^^^^^^
    |             |
    |             help: remove this `mut`

For more information about this error, try `rustc --explain E0425`.
warning: `sis_kernel` (bin "sis_kernel") generated 90 warnings
warning: sis_kernel@0.1.0: boot.rs: kernel ELF not found, skipping image creation
error: could not compile `sis_kernel` (bin "sis_kernel") due to 2 previous errors; 90 warnings emitted
