   Compiling sis_kernel v0.1.0 (/home/apple/sis-kernel)
warning: sis_kernel@0.1.0: boot.rs: kernel ELF not found, skipping image creation
error[E0432]: unresolved import `crate::userland`
  --> src/kernel/syscall.rs:11:12
   |
11 | use crate::userland::vfs;
   |            ^^^^^^^^ could not find `userland` in the crate root

error[E0432]: unresolved import `crate::userland`
 --> src/kernel/user/proc.rs:4:12
  |
4 | use crate::userland::vfs;
  |            ^^^^^^^^ could not find `userland` in the crate root

error[E0432]: unresolved import `crate::userland`
 --> src/kernel/user/selftest.rs:3:12
  |
3 | use crate::userland::vfs;
  |            ^^^^^^^^ could not find `userland` in the crate root

error[E0603]: struct import `Bdf` is private
  --> src/kernel/vfio.rs:85:26
   |
85 | use crate::kernel::pci::{Bdf, cfg_read32, cfg_write32};
   |                          ^^^ private struct import
   |
note: the struct import `Bdf` is defined here...
  --> src/kernel/pci.rs:9:28
   |
 9 | use crate::kernel::types::{Bdf, PciBus, PciDev, PciFn};
   |                            ^^^
note: ...and refers to the struct `Bdf` which is defined here
  --> src/kernel/types.rs:16:1
   |
16 | pub struct Bdf {
   | ^^^^^^^^^^^^^^ you could import this directly
help: import `Bdf` through the re-export
   |
85 | use crate::kernel::pci::{kernel::types::Bdf, cfg_read32, cfg_write32};
   |                          +++++++++++++++

error[E0603]: struct import `Bdf` is private
  --> src/kernel/vfio.rs:58:34
   |
58 |     pub bdf: crate::kernel::pci::Bdf,
   |                                  ^^^ private struct import
   |
note: the struct import `Bdf` is defined here...
  --> src/kernel/pci.rs:9:28
   |
 9 | use crate::kernel::types::{Bdf, PciBus, PciDev, PciFn};
   |                            ^^^
note: ...and refers to the struct `Bdf` which is defined here
  --> src/kernel/types.rs:16:1
   |
16 | pub struct Bdf {
   | ^^^^^^^^^^^^^^ you could import this directly
help: consider importing this struct instead
   |
58 -     pub bdf: crate::kernel::pci::Bdf,
58 +     pub bdf: crate::kernel::types::Bdf,
   |
help: import `Bdf` through the re-export
   |
58 -     pub bdf: crate::kernel::pci::Bdf,
58 +     pub bdf: kernel::types::Bdf,
   |

warning: unused imports: `AtomicU32` and `Ordering`
  --> src/arch/x86_64/idt.rs:19:26
   |
19 | use core::sync::atomic::{AtomicU32, Ordering};
   |                          ^^^^^^^^^  ^^^^^^^^
   |
   = note: `#[warn(unused_imports)]` on by default

warning: unexpected `cfg` condition name: `selftest_RING3`
   --> src/arch/x86_64/idt.rs:504:45
    |
504 |         #[cfg(all(feature = "idt-selftest", selftest_RING3))]
    |                                             ^^^^^^^^^^^^^^
    |
    = help: expected names are: `docsrs`, `feature`, and `test` and 31 more
    = help: consider using a Cargo feature instead
    = help: or consider adding in `Cargo.toml` the `check-cfg` lint config for the lint:
             [lints.rust]
             unexpected_cfgs = { level = "warn", check-cfg = ['cfg(selftest_RING3)'] }
    = help: or consider adding `println!("cargo::rustc-check-cfg=cfg(selftest_RING3)");` to the top of the `build.rs`
    = note: see <https://doc.rust-lang.org/nightly/rustc/check-cfg/cargo-specifics.html> for more information about checking conditional configuration
    = note: `#[warn(unexpected_cfgs)]` on by default

warning: unexpected `cfg` condition name: `selftest_SYSCALL`
   --> src/arch/x86_64/idt.rs:511:45
    |
511 |         #[cfg(all(feature = "idt-selftest", selftest_SYSCALL))]
    |                                             ^^^^^^^^^^^^^^^^
    |
    = help: consider using a Cargo feature instead
    = help: or consider adding in `Cargo.toml` the `check-cfg` lint config for the lint:
             [lints.rust]
             unexpected_cfgs = { level = "warn", check-cfg = ['cfg(selftest_SYSCALL)'] }
    = help: or consider adding `println!("cargo::rustc-check-cfg=cfg(selftest_SYSCALL)");` to the top of the `build.rs`
    = note: see <https://doc.rust-lang.org/nightly/rustc/check-cfg/cargo-specifics.html> for more information about checking conditional configuration

warning: unexpected `cfg` condition name: `selftest_RING3`
   --> src/arch/x86_64/idt.rs:516:45
    |
516 |         #[cfg(all(feature = "idt-selftest", selftest_RING3))]
    |                                             ^^^^^^^^^^^^^^
    |
    = help: consider using a Cargo feature instead
    = help: or consider adding in `Cargo.toml` the `check-cfg` lint config for the lint:
             [lints.rust]
             unexpected_cfgs = { level = "warn", check-cfg = ['cfg(selftest_RING3)'] }
    = help: or consider adding `println!("cargo::rustc-check-cfg=cfg(selftest_RING3)");` to the top of the `build.rs`
    = note: see <https://doc.rust-lang.org/nightly/rustc/check-cfg/cargo-specifics.html> for more information about checking conditional configuration

warning: unexpected `cfg` condition name: `selftest_RING3_RT`
   --> src/arch/x86_64/idt.rs:533:41
    |
533 |     #[cfg(all(feature = "idt-selftest", selftest_RING3_RT))]
    |                                         ^^^^^^^^^^^^^^^^^
    |
    = help: consider using a Cargo feature instead
    = help: or consider adding in `Cargo.toml` the `check-cfg` lint config for the lint:
             [lints.rust]
             unexpected_cfgs = { level = "warn", check-cfg = ['cfg(selftest_RING3_RT)'] }
    = help: or consider adding `println!("cargo::rustc-check-cfg=cfg(selftest_RING3_RT)");` to the top of the `build.rs`
    = note: see <https://doc.rust-lang.org/nightly/rustc/check-cfg/cargo-specifics.html> for more information about checking conditional configuration

warning: unused import: `PhysAddr`
 --> src/arch/x86_64/memory.rs:5:15
  |
5 |     VirtAddr, PhysAddr,
  |               ^^^^^^^^

warning: unused import: `core::ptr::NonNull`
  --> src/arch/x86_64/memory.rs:14:5
   |
14 | use core::ptr::NonNull;
   |     ^^^^^^^^^^^^^^^^^^

warning: unused import: `core::arch::asm`
  --> src/arch/x86_64/context_switch.rs:12:5
   |
12 | use core::arch::asm;
   |     ^^^^^^^^^^^^^^^

warning: unused import: `alloc::vec::Vec`
 --> src/kernel/task.rs:9:5
  |
9 | use alloc::vec::Vec;
  |     ^^^^^^^^^^^^^^^

warning: unused import: `core::ptr::NonNull`
  --> src/kernel/task.rs:10:5
   |
10 | use core::ptr::NonNull;
   |     ^^^^^^^^^^^^^^^^^^

warning: unexpected `cfg` condition name: `selftest_TIMER`
  --> src/kernel/scheduler.rs:16:37
   |
16 | #[cfg(all(feature = "idt-selftest", selftest_TIMER))]
   |                                     ^^^^^^^^^^^^^^
   |
   = help: consider using a Cargo feature instead
   = help: or consider adding in `Cargo.toml` the `check-cfg` lint config for the lint:
            [lints.rust]
            unexpected_cfgs = { level = "warn", check-cfg = ['cfg(selftest_TIMER)'] }
   = help: or consider adding `println!("cargo::rustc-check-cfg=cfg(selftest_TIMER)");` to the top of the `build.rs`
   = note: see <https://doc.rust-lang.org/nightly/rustc/check-cfg/cargo-specifics.html> for more information about checking conditional configuration

warning: unexpected `cfg` condition name: `selftest_LAPIC_TIMER`
  --> src/kernel/scheduler.rs:19:37
   |
19 | #[cfg(all(feature = "idt-selftest", selftest_LAPIC_TIMER))]
   |                                     ^^^^^^^^^^^^^^^^^^^^
   |
   = help: consider using a Cargo feature instead
   = help: or consider adding in `Cargo.toml` the `check-cfg` lint config for the lint:
            [lints.rust]
            unexpected_cfgs = { level = "warn", check-cfg = ['cfg(selftest_LAPIC_TIMER)'] }
   = help: or consider adding `println!("cargo::rustc-check-cfg=cfg(selftest_LAPIC_TIMER)");` to the top of the `build.rs`
   = note: see <https://doc.rust-lang.org/nightly/rustc/check-cfg/cargo-specifics.html> for more information about checking conditional configuration

warning: unused import: `alloc::vec::Vec`
  --> src/kernel/scheduler.rs:10:5
   |
10 | use alloc::vec::Vec;
   |     ^^^^^^^^^^^^^^^

warning: unused imports: `AtomicU64` and `Ordering`
  --> src/kernel/scheduler.rs:11:26
   |
11 | use core::sync::atomic::{AtomicU64, Ordering};
   |                          ^^^^^^^^^  ^^^^^^^^

warning: unused imports: `BlockReason`, `Role`, and `State`
  --> src/kernel/scheduler.rs:13:42
   |
13 | use crate::kernel::{serial, task::{Task, State, Role, BlockReason}};
   |                                          ^^^^^  ^^^^  ^^^^^^^^^^^

warning: unexpected `cfg` condition name: `selftest_TIMER`
   --> src/kernel/scheduler.rs:294:41
    |
294 |     #[cfg(all(feature = "idt-selftest", selftest_TIMER))]
    |                                         ^^^^^^^^^^^^^^
    |
    = help: consider using a Cargo feature instead
    = help: or consider adding in `Cargo.toml` the `check-cfg` lint config for the lint:
             [lints.rust]
             unexpected_cfgs = { level = "warn", check-cfg = ['cfg(selftest_TIMER)'] }
    = help: or consider adding `println!("cargo::rustc-check-cfg=cfg(selftest_TIMER)");` to the top of the `build.rs`
    = note: see <https://doc.rust-lang.org/nightly/rustc/check-cfg/cargo-specifics.html> for more information about checking conditional configuration

warning: unexpected `cfg` condition name: `selftest_LAPIC_TIMER`
   --> src/kernel/scheduler.rs:303:41
    |
303 |     #[cfg(all(feature = "idt-selftest", selftest_LAPIC_TIMER))]
    |                                         ^^^^^^^^^^^^^^^^^^^^
    |
    = help: consider using a Cargo feature instead
    = help: or consider adding in `Cargo.toml` the `check-cfg` lint config for the lint:
             [lints.rust]
             unexpected_cfgs = { level = "warn", check-cfg = ['cfg(selftest_LAPIC_TIMER)'] }
    = help: or consider adding `println!("cargo::rustc-check-cfg=cfg(selftest_LAPIC_TIMER)");` to the top of the `build.rs`
    = note: see <https://doc.rust-lang.org/nightly/rustc/check-cfg/cargo-specifics.html> for more information about checking conditional configuration

warning: unused import: `scheduler`
 --> src/kernel/syscall.rs:9:29
  |
9 | use crate::kernel::{serial, scheduler};
  |                             ^^^^^^^^^

warning: unused import: `alloc::vec::Vec`
  --> src/kernel/syscall.rs:14:5
   |
14 | use alloc::vec::Vec;
   |     ^^^^^^^^^^^^^^^

warning: unexpected `cfg` condition name: `selftest_RING3_RT`
   --> src/kernel/syscall.rs:198:45
    |
198 |         #[cfg(all(feature = "idt-selftest", selftest_RING3_RT))]
    |                                             ^^^^^^^^^^^^^^^^^
    |
    = help: consider using a Cargo feature instead
    = help: or consider adding in `Cargo.toml` the `check-cfg` lint config for the lint:
             [lints.rust]
             unexpected_cfgs = { level = "warn", check-cfg = ['cfg(selftest_RING3_RT)'] }
    = help: or consider adding `println!("cargo::rustc-check-cfg=cfg(selftest_RING3_RT)");` to the top of the `build.rs`
    = note: see <https://doc.rust-lang.org/nightly/rustc/check-cfg/cargo-specifics.html> for more information about checking conditional configuration

warning: unnecessary parentheses around assigned value
   --> src/kernel/syscall.rs:713:21
    |
713 |         let start = (path_ptr as *const u8);
    |                     ^                     ^
    |
    = note: `#[warn(unused_parens)]` on by default
help: remove these parentheses
    |
713 -         let start = (path_ptr as *const u8);
713 +         let start = path_ptr as *const u8;
    |

warning: unused import: `write_hex32`
 --> src/kernel/pci.rs:8:35
  |
8 | use crate::kernel::serial::{self, write_hex32};
  |                                   ^^^^^^^^^^^

warning: unused import: `core::fmt::Write`
  --> src/kernel/pci.rs:10:5
   |
10 | use core::fmt::Write;
   |     ^^^^^^^^^^^^^^^^

warning: unexpected `cfg` condition value: `thread-affinity`
 --> src/kernel/affinity.rs:8:7
  |
8 | #[cfg(feature = "thread-affinity")]
  |       ^^^^^^^^^^^^^^^^^^^^^^^^^^^
  |
  = note: expected values for `feature` are: `affinity`, `apic`, `default`, `firewall`, `idt-selftest`, `iommu`, `ipc`, `per-task-mm`, `pf-matrix`, `qemu-intel-iommu-sim`, `scheduler`, `smp`, `userland`, and `vfio`
  = help: consider adding `thread-affinity` as a feature in `Cargo.toml`
  = note: see <https://doc.rust-lang.org/nightly/rustc/check-cfg/cargo-specifics.html> for more information about checking conditional configuration

warning: unexpected `cfg` condition value: `thread-affinity`
  --> src/kernel/affinity.rs:14:11
   |
14 | #[cfg(not(feature = "thread-affinity"))]
   |           ^^^^^^^^^^^^^^^^^^^^^^^^^^^
   |
   = note: expected values for `feature` are: `affinity`, `apic`, `default`, `firewall`, `idt-selftest`, `iommu`, `ipc`, `per-task-mm`, `pf-matrix`, `qemu-intel-iommu-sim`, `scheduler`, `smp`, `userland`, and `vfio`
   = help: consider adding `thread-affinity` as a feature in `Cargo.toml`
   = note: see <https://doc.rust-lang.org/nightly/rustc/check-cfg/cargo-specifics.html> for more information about checking conditional configuration

warning: unexpected `cfg` condition name: `selftest_IPC_XCPU_PING`
 --> src/selftest/mod.rs:6:7
  |
6 | #[cfg(selftest_IPC_XCPU_PING)]
  |       ^^^^^^^^^^^^^^^^^^^^^^
  |
  = help: consider using a Cargo feature instead
  = help: or consider adding in `Cargo.toml` the `check-cfg` lint config for the lint:
           [lints.rust]
           unexpected_cfgs = { level = "warn", check-cfg = ['cfg(selftest_IPC_XCPU_PING)'] }
  = help: or consider adding `println!("cargo::rustc-check-cfg=cfg(selftest_IPC_XCPU_PING)");` to the top of the `build.rs`
  = note: see <https://doc.rust-lang.org/nightly/rustc/check-cfg/cargo-specifics.html> for more information about checking conditional configuration

warning: unexpected `cfg` condition name: `selftest_VFIO_MSI_SMOKE`
   --> src/main.rs:152:15
    |
152 |         #[cfg(selftest_VFIO_MSI_SMOKE)]
    |               ^^^^^^^^^^^^^^^^^^^^^^^
    |
    = help: consider using a Cargo feature instead
    = help: or consider adding in `Cargo.toml` the `check-cfg` lint config for the lint:
             [lints.rust]
             unexpected_cfgs = { level = "warn", check-cfg = ['cfg(selftest_VFIO_MSI_SMOKE)'] }
    = help: or consider adding `println!("cargo::rustc-check-cfg=cfg(selftest_VFIO_MSI_SMOKE)");` to the top of the `build.rs`
    = note: see <https://doc.rust-lang.org/nightly/rustc/check-cfg/cargo-specifics.html> for more information about checking conditional configuration

warning: unexpected `cfg` condition name: `selftest_VFIO_MSI_SMOKE`
   --> src/main.rs:154:19
    |
154 |         #[cfg(not(selftest_VFIO_MSI_SMOKE))]
    |                   ^^^^^^^^^^^^^^^^^^^^^^^
    |
    = help: consider using a Cargo feature instead
    = help: or consider adding in `Cargo.toml` the `check-cfg` lint config for the lint:
             [lints.rust]
             unexpected_cfgs = { level = "warn", check-cfg = ['cfg(selftest_VFIO_MSI_SMOKE)'] }
    = help: or consider adding `println!("cargo::rustc-check-cfg=cfg(selftest_VFIO_MSI_SMOKE)");` to the top of the `build.rs`
    = note: see <https://doc.rust-lang.org/nightly/rustc/check-cfg/cargo-specifics.html> for more information about checking conditional configuration

warning: unexpected `cfg` condition name: `selftest_VFIO_MSI_SOAK`
   --> src/main.rs:156:15
    |
156 |         #[cfg(selftest_VFIO_MSI_SOAK)]
    |               ^^^^^^^^^^^^^^^^^^^^^^
    |
    = help: consider using a Cargo feature instead
    = help: or consider adding in `Cargo.toml` the `check-cfg` lint config for the lint:
             [lints.rust]
             unexpected_cfgs = { level = "warn", check-cfg = ['cfg(selftest_VFIO_MSI_SOAK)'] }
    = help: or consider adding `println!("cargo::rustc-check-cfg=cfg(selftest_VFIO_MSI_SOAK)");` to the top of the `build.rs`
    = note: see <https://doc.rust-lang.org/nightly/rustc/check-cfg/cargo-specifics.html> for more information about checking conditional configuration

warning: unexpected `cfg` condition name: `selftest_SMP_ONLINE`
   --> src/main.rs:197:80
    |
197 |         #[cfg(all(feature = "smp", feature = "apic", feature = "idt-selftest", selftest_SMP_ONLINE))]
    |                                                                                ^^^^^^^^^^^^^^^^^^^
    |
    = help: consider using a Cargo feature instead
    = help: or consider adding in `Cargo.toml` the `check-cfg` lint config for the lint:
             [lints.rust]
             unexpected_cfgs = { level = "warn", check-cfg = ['cfg(selftest_SMP_ONLINE)'] }
    = help: or consider adding `println!("cargo::rustc-check-cfg=cfg(selftest_SMP_ONLINE)");` to the top of the `build.rs`
    = note: see <https://doc.rust-lang.org/nightly/rustc/check-cfg/cargo-specifics.html> for more information about checking conditional configuration

warning: unexpected `cfg` condition name: `selftest_SCHED_SMP_FAIR`
   --> src/main.rs:215:62
    |
215 |         #[cfg(all(feature = "smp", feature = "idt-selftest", selftest_SCHED_SMP_FAIR))]
    |                                                              ^^^^^^^^^^^^^^^^^^^^^^^
    |
    = help: consider using a Cargo feature instead
    = help: or consider adding in `Cargo.toml` the `check-cfg` lint config for the lint:
             [lints.rust]
             unexpected_cfgs = { level = "warn", check-cfg = ['cfg(selftest_SCHED_SMP_FAIR)'] }
    = help: or consider adding `println!("cargo::rustc-check-cfg=cfg(selftest_SCHED_SMP_FAIR)");` to the top of the `build.rs`
    = note: see <https://doc.rust-lang.org/nightly/rustc/check-cfg/cargo-specifics.html> for more information about checking conditional configuration

warning: unexpected `cfg` condition name: `selftest_IPC_XCPU_PING`
   --> src/main.rs:233:36
    |
233 |         #[cfg(all(feature = "smp", selftest_IPC_XCPU_PING))]
    |                                    ^^^^^^^^^^^^^^^^^^^^^^
    |
    = help: consider using a Cargo feature instead
    = help: or consider adding in `Cargo.toml` the `check-cfg` lint config for the lint:
             [lints.rust]
             unexpected_cfgs = { level = "warn", check-cfg = ['cfg(selftest_IPC_XCPU_PING)'] }
    = help: or consider adding `println!("cargo::rustc-check-cfg=cfg(selftest_IPC_XCPU_PING)");` to the top of the `build.rs`
    = note: see <https://doc.rust-lang.org/nightly/rustc/check-cfg/cargo-specifics.html> for more information about checking conditional configuration

warning: unexpected `cfg` condition name: `selftest_TLB_SHOOTDOWN`
   --> src/main.rs:240:80
    |
240 |         #[cfg(all(feature = "smp", feature = "apic", feature = "idt-selftest", selftest_TLB_SHOOTDOWN))]
    |                                                                                ^^^^^^^^^^^^^^^^^^^^^^
    |
    = help: consider using a Cargo feature instead
    = help: or consider adding in `Cargo.toml` the `check-cfg` lint config for the lint:
             [lints.rust]
             unexpected_cfgs = { level = "warn", check-cfg = ['cfg(selftest_TLB_SHOOTDOWN)'] }
    = help: or consider adding `println!("cargo::rustc-check-cfg=cfg(selftest_TLB_SHOOTDOWN)");` to the top of the `build.rs`
    = note: see <https://doc.rust-lang.org/nightly/rustc/check-cfg/cargo-specifics.html> for more information about checking conditional configuration

warning: unexpected `cfg` condition name: `selftest_SMP_AFFINITY`
   --> src/main.rs:258:81
    |
258 |         #[cfg(all(feature = "affinity", feature = "smp", feature = "scheduler", selftest_SMP_AFFINITY))]
    |                                                                                 ^^^^^^^^^^^^^^^^^^^^^
    |
    = help: consider using a Cargo feature instead
    = help: or consider adding in `Cargo.toml` the `check-cfg` lint config for the lint:
             [lints.rust]
             unexpected_cfgs = { level = "warn", check-cfg = ['cfg(selftest_SMP_AFFINITY)'] }
    = help: or consider adding `println!("cargo::rustc-check-cfg=cfg(selftest_SMP_AFFINITY)");` to the top of the `build.rs`
    = note: see <https://doc.rust-lang.org/nightly/rustc/check-cfg/cargo-specifics.html> for more information about checking conditional configuration

warning: unexpected `cfg` condition name: `selftest_VFIO_BIND_E1000`
   --> src/main.rs:265:37
    |
265 |         #[cfg(all(feature = "vfio", selftest_VFIO_BIND_E1000))]
    |                                     ^^^^^^^^^^^^^^^^^^^^^^^^
    |
    = help: consider using a Cargo feature instead
    = help: or consider adding in `Cargo.toml` the `check-cfg` lint config for the lint:
             [lints.rust]
             unexpected_cfgs = { level = "warn", check-cfg = ['cfg(selftest_VFIO_BIND_E1000)'] }
    = help: or consider adding `println!("cargo::rustc-check-cfg=cfg(selftest_VFIO_BIND_E1000)");` to the top of the `build.rs`
    = note: see <https://doc.rust-lang.org/nightly/rustc/check-cfg/cargo-specifics.html> for more information about checking conditional configuration

warning: unexpected `cfg` condition name: `selftest_VFIO_MSI_SMOKE`
   --> src/main.rs:294:63
    |
294 |         #[cfg(all(feature = "vfio", feature = "idt-selftest", selftest_VFIO_MSI_SMOKE))]
    |                                                               ^^^^^^^^^^^^^^^^^^^^^^^
    |
    = help: consider using a Cargo feature instead
    = help: or consider adding in `Cargo.toml` the `check-cfg` lint config for the lint:
             [lints.rust]
             unexpected_cfgs = { level = "warn", check-cfg = ['cfg(selftest_VFIO_MSI_SMOKE)'] }
    = help: or consider adding `println!("cargo::rustc-check-cfg=cfg(selftest_VFIO_MSI_SMOKE)");` to the top of the `build.rs`
    = note: see <https://doc.rust-lang.org/nightly/rustc/check-cfg/cargo-specifics.html> for more information about checking conditional configuration

warning: unexpected `cfg` condition name: `selftest_VFIO_MSI_SOAK`
   --> src/main.rs:320:63
    |
320 |         #[cfg(all(feature = "vfio", feature = "idt-selftest", selftest_VFIO_MSI_SOAK))]
    |                                                               ^^^^^^^^^^^^^^^^^^^^^^
    |
    = help: consider using a Cargo feature instead
    = help: or consider adding in `Cargo.toml` the `check-cfg` lint config for the lint:
             [lints.rust]
             unexpected_cfgs = { level = "warn", check-cfg = ['cfg(selftest_VFIO_MSI_SOAK)'] }
    = help: or consider adding `println!("cargo::rustc-check-cfg=cfg(selftest_VFIO_MSI_SOAK)");` to the top of the `build.rs`
    = note: see <https://doc.rust-lang.org/nightly/rustc/check-cfg/cargo-specifics.html> for more information about checking conditional configuration

warning: use of deprecated function `x86_64::instructions::segmentation::set_cs`: use `CS::set_reg()` instead
  --> src/arch/x86_64/gdt.rs:61:9
   |
61 |         set_cs(GDT.1.code_ring0);
   |         ^^^^^^
   |
   = note: `#[warn(deprecated)]` on by default

warning: use of deprecated function `x86_64::instructions::segmentation::set_cs`: use `CS::set_reg()` instead
  --> src/arch/x86_64/gdt.rs:56:45
   |
56 |     use x86_64::instructions::segmentation::set_cs;
   |                                             ^^^^^^

warning: use of deprecated function `x86_64::instructions::segmentation::cs`: use `CS::get_reg()` instead
   --> src/arch/x86_64/idt.rs:499:28
    |
499 |     let cs = segmentation::cs();
    |                            ^^

warning: unused import: `core::fmt::Write`
 --> src/kernel/vfio.rs:8:5
  |
8 | use core::fmt::Write;
  |     ^^^^^^^^^^^^^^^^

warning: unused variable: `fault_addr`
   --> src/arch/x86_64/idt.rs:392:9
    |
392 |     let fault_addr = Cr2::read();
    |         ^^^^^^^^^^ help: if this is intentional, prefix it with an underscore: `_fault_addr`
    |
    = note: `#[warn(unused_variables)]` on by default

warning: unused variable: `error_code`
   --> src/arch/x86_64/idt.rs:389:5
    |
389 |     error_code: PageFaultErrorCode
    |     ^^^^^^^^^^ help: if this is intentional, prefix it with an underscore: `_error_code`

warning: unused variable: `stack_frame`
   --> src/arch/x86_64/idt.rs:495:5
    |
495 |     stack_frame: InterruptStackFrame
    |     ^^^^^^^^^^^ help: if this is intentional, prefix it with an underscore: `_stack_frame`

warning: unnecessary `unsafe` block
   --> src/kernel/serial.rs:143:5
    |
143 |     unsafe { write_buf(&buf[i..]); }
    |     ^^^^^^ unnecessary `unsafe` block
    |
    = note: `#[warn(unused_unsafe)]` on by default

warning: unused variable: `code`
   --> src/kernel/syscall.rs:242:13
    |
242 | fn sys_exit(code: u64, _a: u64, _b: u64, _c: u64, _d: u64, _e: u64) {
    |             ^^^^ help: if this is intentional, prefix it with an underscore: `_code`

warning: value assigned to `technical` is never read
   --> src/kernel/syscall.rs:258:13
    |
258 |     let mut technical = false;
    |             ^^^^^^^^^
    |
    = help: maybe it is overwritten before being read?
    = note: `#[warn(unused_assignments)]` on by default

warning: unused variable: `directive`
   --> src/kernel/syscall.rs:373:13
    |
373 |         let directive = match core::str::from_utf8(directive_slice) {
    |             ^^^^^^^^^ help: if this is intentional, prefix it with an underscore: `_directive`

warning: unused variable: `plan_slice`
   --> src/kernel/syscall.rs:443:13
    |
443 |         let plan_slice = core::slice::from_raw_parts(plan_ptr as *const u8, plan_len as usize);
    |             ^^^^^^^^^^ help: if this is intentional, prefix it with an underscore: `_plan_slice`

warning: unused variable: `e`
   --> src/kernel/pci.rs:249:13
    |
249 |         Err(e) => serial::write_str("[PCI] VFIO not available, running without passthrough\n"),
    |             ^ help: if this is intentional, prefix it with an underscore: `_e`

warning: unused variable: `task_guard`
  --> src/kernel/spawn.rs:59:9
   |
59 |     let task_guard = task_ref.lock();
   |         ^^^^^^^^^^ help: if this is intentional, prefix it with an underscore: `_task_guard`

warning: unused variable: `h`
  --> src/kernel/vfio.rs:88:61
   |
88 | fn get_state_mut(table: &mut [Option<VfioHandleState>; 16], h: VfioHandle) -> Option<&mut VfioHandleState> {
   |                                                             ^ help: if this is intentional, prefix it with an underscore: `_h`

warning: unused variable: `h`
  --> src/kernel/vfio.rs:99:53
   |
99 | fn get_state(table: &[Option<VfioHandleState>; 16], h: VfioHandle) -> Option<&VfioHandleState> {
   |                                                     ^ help: if this is intentional, prefix it with an underscore: `_h`

warning: unused variable: `bus`
   --> src/kernel/vfio.rs:155:19
    |
155 | pub fn map_device(bus: u8, dev: u8, func: u8) -> Result<VfioHandle, VfioError> {
    |                   ^^^ help: if this is intentional, prefix it with an underscore: `_bus`

warning: unused variable: `dev`
   --> src/kernel/vfio.rs:155:28
    |
155 | pub fn map_device(bus: u8, dev: u8, func: u8) -> Result<VfioHandle, VfioError> {
    |                            ^^^ help: if this is intentional, prefix it with an underscore: `_dev`

warning: unused variable: `func`
   --> src/kernel/vfio.rs:155:37
    |
155 | pub fn map_device(bus: u8, dev: u8, func: u8) -> Result<VfioHandle, VfioError> {
    |                                     ^^^^ help: if this is intentional, prefix it with an underscore: `_func`

warning: unused variable: `handle`
   --> src/kernel/vfio.rs:192:21
    |
192 | pub fn close_handle(handle: VfioHandle) -> Result<(), VfioError> {
    |                     ^^^^^^ help: if this is intentional, prefix it with an underscore: `_handle`

warning: unused variable: `handle_val`
   --> src/kernel/vfio.rs:266:25
    |
266 | pub fn syscall_cfg_read(handle_val: u16, offset: u8) -> Result<u32, VfioError> {
    |                         ^^^^^^^^^^ help: if this is intentional, prefix it with an underscore: `_handle_val`

warning: unused variable: `offset`
   --> src/kernel/vfio.rs:266:42
    |
266 | pub fn syscall_cfg_read(handle_val: u16, offset: u8) -> Result<u32, VfioError> {
    |                                          ^^^^^^ help: if this is intentional, prefix it with an underscore: `_offset`

warning: unused variable: `handle_val`
   --> src/kernel/vfio.rs:281:26
    |
281 | pub fn syscall_cfg_write(handle_val: u16, offset: u8, value: u32) -> Result<(), VfioError> {
    |                          ^^^^^^^^^^ help: if this is intentional, prefix it with an underscore: `_handle_val`

warning: unused variable: `offset`
   --> src/kernel/vfio.rs:281:43
    |
281 | pub fn syscall_cfg_write(handle_val: u16, offset: u8, value: u32) -> Result<(), VfioError> {
    |                                           ^^^^^^ help: if this is intentional, prefix it with an underscore: `_offset`

warning: unused variable: `value`
   --> src/kernel/vfio.rs:281:55
    |
281 | pub fn syscall_cfg_write(handle_val: u16, offset: u8, value: u32) -> Result<(), VfioError> {
    |                                                       ^^^^^ help: if this is intentional, prefix it with an underscore: `_value`

warning: unused variable: `handle_val`
   --> src/kernel/vfio.rs:318:24
    |
318 | pub fn syscall_map_bar(handle_val: u16, bar_idx: u8) -> Result<u64, VfioError> {
    |                        ^^^^^^^^^^ help: if this is intentional, prefix it with an underscore: `_handle_val`

warning: unused variable: `bar_idx`
   --> src/kernel/vfio.rs:318:41
    |
318 | pub fn syscall_map_bar(handle_val: u16, bar_idx: u8) -> Result<u64, VfioError> {
    |                                         ^^^^^^^ help: if this is intentional, prefix it with an underscore: `_bar_idx`

warning: unused variable: `handle_val`
   --> src/kernel/vfio.rs:380:26
    |
380 | pub fn syscall_setup_irq(handle_val: u16, irq_num: u8) -> Result<(), VfioError> {
    |                          ^^^^^^^^^^ help: if this is intentional, prefix it with an underscore: `_handle_val`

warning: unused variable: `irq_num`
   --> src/kernel/vfio.rs:380:43
    |
380 | pub fn syscall_setup_irq(handle_val: u16, irq_num: u8) -> Result<(), VfioError> {
    |                                           ^^^^^^^ help: if this is intentional, prefix it with an underscore: `_irq_num`

warning: unused variable: `handle_val`
   --> src/kernel/vfio.rs:398:30
    |
398 | pub fn syscall_domain_create(handle_val: u16) -> Result<u16, VfioError> {
    |                              ^^^^^^^^^^ help: if this is intentional, prefix it with an underscore: `_handle_val`

warning: unused variable: `handle_val`
   --> src/kernel/vfio.rs:431:35
    |
431 | pub fn syscall_domain_map_staging(handle_val: u16, len: u32) -> Result<u64, VfioError> {
    |                                   ^^^^^^^^^^ help: if this is intentional, prefix it with an underscore: `_handle_val`

warning: unused variable: `len`
   --> src/kernel/vfio.rs:431:52
    |
431 | pub fn syscall_domain_map_staging(handle_val: u16, len: u32) -> Result<u64, VfioError> {
    |                                                    ^^^ help: if this is intentional, prefix it with an underscore: `_len`

warning: unused variable: `handle_val`
   --> src/kernel/vfio.rs:480:33
    |
480 | pub fn syscall_enable_busmaster(handle_val: u16) -> Result<(), VfioError> {
    |                                 ^^^^^^^^^^ help: if this is intentional, prefix it with an underscore: `_handle_val`

warning: unused variable: `handle_val`
   --> src/kernel/vfio.rs:525:34
    |
525 | pub fn syscall_disable_busmaster(handle_val: u16) -> Result<(), VfioError> {
    |                                  ^^^^^^^^^^ help: if this is intentional, prefix it with an underscore: `_handle_val`

warning: unused variable: `handle_val`
   --> src/kernel/vfio.rs:553:24
    |
553 | pub fn syscall_msi_arm(handle_val: u16, vector: u8) -> Result<(), VfioError> {
    |                        ^^^^^^^^^^ help: if this is intentional, prefix it with an underscore: `_handle_val`

warning: unused variable: `vector`
   --> src/kernel/vfio.rs:553:41
    |
553 | pub fn syscall_msi_arm(handle_val: u16, vector: u8) -> Result<(), VfioError> {
    |                                         ^^^^^^ help: if this is intentional, prefix it with an underscore: `_vector`

warning: unused variable: `handle_val`
   --> src/kernel/vfio.rs:606:27
    |
606 | pub fn syscall_msi_disarm(handle_val: u16) -> Result<(), VfioError> {
    |                           ^^^^^^^^^^ help: if this is intentional, prefix it with an underscore: `_handle_val`

warning: unused variable: `now`
   --> src/kernel/vfio.rs:794:42
    |
794 | pub fn on_irq(h: VfioHandle, epoch: u64, now: u64) -> (u64, u64) {
    |                                          ^^^ help: if this is intentional, prefix it with an underscore: `_now`

warning: variable does not need to be mutable
   --> src/kernel/vfio.rs:811:13
    |
811 |         let mut table_lock = core::ptr::addr_of_mut!(HANDLE_STATES);
    |             ----^^^^^^^^^^
    |             |
    |             help: remove this `mut`
    |
    = note: `#[warn(unused_mut)]` on by default

Some errors have detailed explanations: E0432, E0603.
For more information about an error, try `rustc --explain E0432`.
warning: `sis_kernel` (bin "sis_kernel") generated 76 warnings
warning: sis_kernel@0.1.0: boot.rs: kernel ELF not found, skipping image creation
error: could not compile `sis_kernel` (bin "sis_kernel") due to 5 previous errors; 76 warnings emitted
